<html>
<body>
<pre>
<h1>�Vision Build Log</h1>
<h2>Tool Versions:</h2>
IDE-Version: ��Vision V5.37.0.0
Copyright (C) 2022 ARM Ltd and ARM Germany GmbH. All rights reserved.
License Information: Tang linyan2021@outlook.com, Spy, LIC=YA39H-W782B-KPMZY-I5TQS-85HIC-E5TJR
 
Tool Versions:
Toolchain:       MDK-ARM Plus  Version: 5.37.0.0
Toolchain Path:  D:\keil core\ARM\ARMCLANG\Bin
C Compiler:      ArmClang.exe V6.18
Assembler:       Armasm.exe V6.18
Linker/Locator:  ArmLink.exe V6.18
Library Manager: ArmAr.exe V6.18
Hex Converter:   FromElf.exe V6.18
CPU DLL:         SARMCM3.DLL V5.37.0.0
Dialog DLL:      DCM.DLL V1.17.5.0
Target DLL:      CMSIS_AGDI.dll V1.33.12.0
Dialog DLL:      TCM.DLL V1.56.1.0
 
<h2>Project:</h2>
E:\2-1STM32\testgitlab\ecg-linsun\MDK-ARM\OLED_231117.uvprojx
Project File Date:  12/15/2023

<h2>Output:</h2>
*** Using Compiler 'V6.18', folder: 'D:\keil core\ARM\ARMCLANG\Bin'
Rebuild target 'OLED_231117'
assembling startup_stm32f429xx.s...
compiling dma.c...
compiling spi.c...
compiling system_stm32f4xx.c...
compiling delay.c...
compiling tim.c...
compiling stm32f4xx_it.c...
compiling usart.c...
compiling stm32f4xx_hal_msp.c...
compiling gpio.c...
compiling adc.c...
compiling key.c...
compiling lcd_init.c...
../User/LCD/lcd.c(3): warning: In file included from...
../User/LCD/lcdfont.h(210): warning: illegal character encoding in string literal [-Winvalid-source-encoding]
"<D6><D0>",0x80,0x00,0x80,0x00,0x80,0x00,0x80,0x00,0xFC,0x1F,0x84,0x10,0x84,0x10,0x84,0x10,
 ^~~~~~~~
../User/LCD/lcdfont.h(212): warning: illegal character encoding in string literal [-Winvalid-source-encoding]
"<BE><B0>",0xF8,0x0F,0x08,0x08,0xF8,0x0F,0x08,0x08,0xF8,0x0F,0x80,0x00,0xFF,0x7F,0x00,0x00,
 ^~~~~~~~
../User/LCD/lcdfont.h(216): warning: illegal character encoding in string literal [-Winvalid-source-encoding]
"<B5><E7>",0x80,0x00,0x80,0x00,0x80,0x00,0xFC,0x1F,0x84,0x10,0x84,0x10,0x84,0x10,0xFC,0x1F,
 ^~~~~~~~
../User/LCD/lcdfont.h(218): warning: illegal character encoding in string literal [-Winvalid-source-encoding]
"<D7><D3>",0x00,0x00,0xFE,0x1F,0x00,0x08,0x00,0x04,0x00,0x02,0x80,0x01,0x80,0x00,0xFF,0x7F,
 ^~~~~~~~
../User/LCD/lcdfont.h(232): warning: illegal character encoding in string literal [-Winvalid-source-encoding]
"<D6><D0>",0x00,0x00,0x00,0x00,0x00,0x00,0x00,0x18,0x00,0x00,0x08,0x00,0x00,0x08,0x00,0x00,
 ^~~~~~~~
../User/LCD/lcdfont.h(238): warning: illegal character encoding in string literal [-Winvalid-source-encoding]
"<BE><B0>",0x00,0x00,0x00,0x00,0x00,0x00,0x40,0x00,0x06,0xC0,0xFF,0x07,0x40,0x00,0x06,0xC0,
 ^~~~~~~~
../User/LCD/lcdfont.h(250): warning: illegal character encoding in string literal [-Winvalid-source-encoding]
"<B5><E7>",0x00,0x00,0x00,0x00,0x00,0x00,0x00,0x18,0x00,0x00,0x08,0x00,0x00,0x08,0x00,0x00,
 ^~~~~~~~
../User/LCD/lcdfont.h(256): warning: illegal character encoding in string literal [-Winvalid-source-encoding]
"<D7><D3>",0x00,0x00,0x00,0x00,0x00,0x00,0x00,0x00,0x04,0xF0,0xFF,0x0F,0x00,0x00,0x06,0x00,
 ^~~~~~~~
../User/LCD/lcdfont.h(274): warning: illegal character encoding in string literal [-Winvalid-source-encoding]
"<D6><D0>",0x00,0x00,0x00,0x00,0x00,0x00,0x00,0x00,0x00,0x80,0x00,0x00,0x00,0x80,0x01,0x00,
 ^~~~~~~~
../User/LCD/lcdfont.h(282): warning: illegal character encoding in string literal [-Winvalid-source-encoding]
"<BE><B0>",0x00,0x00,0x00,0x00,0x00,0x00,0x00,0x00,0x00,0x00,0x00,0x00,0x00,0x01,0x80,0x01,
 ^~~~~~~~
../User/LCD/lcdfont.h(298): warning: illegal character encoding in string literal [-Winvalid-source-encoding]
"<B5><E7>",0x00,0x00,0x00,0x00,0x00,0x00,0x00,0x00,0x00,0xC0,0x00,0x00,0x00,0xC0,0x01,0x00,
 ^~~~~~~~
../User/LCD/lcdfont.h(306): warning: illegal character encoding in string literal [-Winvalid-source-encoding]
"<D7><D3>",0x00,0x00,0x00,0x00,0x00,0x00,0x00,0x00,0x00,0x00,0x00,0x00,0x00,0x00,0x00,0x03,
 ^~~~~~~~
12 warnings generated.
compiling lcd.c...
compiling stm32f4xx_hal_flash_ramfunc.c...
compiling stm32f4xx_hal_adc_ex.c...
compiling stm32f4xx_hal_pwr.c...
compiling stm32f4xx_hal_gpio.c...
compiling stm32f4xx_hal_flash.c...
compiling stm32f4xx_hal_adc.c...
compiling stm32f4xx_hal_rcc.c...
compiling stm32f4xx_hal_rcc_ex.c...
compiling stm32f4xx_hal_dma_ex.c...
compiling stm32f4xx_hal_flash_ex.c...
compiling stm32f4xx_hal_dma.c...
../Src/main.c(210): warning: illegal character encoding in string literal [-Winvalid-source-encoding]
                printf("ģ<BF><E9><B3><F5>ʼ<BB><AF>");
                         ^~~~~~~~~~~~~~~~ ~~~~~~~~
../Src/main.c(220): warning: illegal character encoding in string literal [-Winvalid-source-encoding]
                        printf("<B2><E9>ѯ<D0><C5>Ϣʧ<B0><DC>");
                                ^~~~~~~~ ~~~~~~~~  ~~~~~~~~
../Src/main.c(227): warning: illegal character encoding in string literal [-Winvalid-source-encoding]
                printf("<B0>汾<D0><C5>Ϣ<D5><FD>ȷ");
                        ^~~~  ~~~~~~~~ ~~~~~~~~
../Src/main.c(237): warning: illegal character encoding in string literal [-Winvalid-source-encoding]
                        printf("<BB><B9>δ<BB><F1>ȡ<B5><BD>IP");
                                ^~~~~~~~ ~~~~~~~~ ~~~~~~~~
../Src/main.c(244): warning: illegal character encoding in string literal [-Winvalid-source-encoding]
                printf("<BB><F1>ȡIP<B3>ɹ<A6>");
                        ^~~~~~~~   ~~~~ ~~~~
../Src/main.c(255): warning: illegal character encoding in string literal [-Winvalid-source-encoding]
                        printf("ƽ̨<D0><C5>Ϣ<C9><E8><D6><C3>ʧ<B0><DC>");
                                 ^~~~~~~~ ~~~~~~~~~~~~~~~~ ~~~~~~~~
../Src/main.c(262): warning: illegal character encoding in string literal [-Winvalid-source-encoding]
                printf("ƽ̨<D0><C5>Ϣ<C9><E8><D6>óɹ<A6>");
                         ^~~~~~~~ ~~~~~~~~~~~~  ~~~~
../Src/main.c(273): warning: illegal character encoding in string literal [-Winvalid-source-encoding]
                        printf("<C1><AC><BD><D3>ʧ<B0><DC>");
                                ^~~~~~~~~~~~~~~~ ~~~~~~~~
../Src/main.c(280): warning: illegal character encoding in string literal [-Winvalid-source-encoding]
                printf("<C1><AC><BD>ӳɹ<A6>");
                        ^~~~~~~~~~~~  ~~~~
../Src/main.c(283): warning: illegal character encoding in string literal [-Winvalid-source-encoding]
 printf("AT+GTTS=1,\"<U+05FC><B1><B8><B2><E2><C1><BF>\",1\r\n");
                             ^~~~~~~~~~~~~~~~~~~~~~~~
../Src/main.c(358): warning: illegal character encoding in string literal [-Winvalid-source-encoding]
 printf("AT+GTTS=1,\"ҽ<C9><FA><BD><AB><D4><DA><D4>ƶ<CB><CA>յ<BD><C4><FA><B5>ı<A8><B8><E6>\",1\r\n");
                      ^~~~~~~~~~~~~~~~~~~~~~~~~~~~ ~~~~~~~~ ~~~~~~~~~~~~~~~~ ~~~~~~~~~~~~
../Src/main.c(634): warning: illegal character encoding in string literal [-Winvalid-source-encoding]
    printf("AT+GTTS=1,\"<D0><C4><C2>ʹ<FD><B8><DF>\",1\r\n");
                        ^~~~~~~~~~~~ ~~~~~~~~~~~~
../Src/main.c(639): warning: illegal character encoding in string literal [-Winvalid-source-encoding]
    printf("AT+GTTS=1,\"<D0><C4><C2>ʹ<FD><B5><CD>\",1\r\n");
                        ^~~~~~~~~~~~ ~~~~~~~~~~~~
13 warnings generated.
compiling main.c...
compiling stm32f4xx_hal_pwr_ex.c...
compiling BayesFunctions.c...
compiling BayesFunctionsF16.c...
compiling stm32f4xx_hal_cortex.c...
compiling stm32f4xx_hal.c...
compiling stm32f4xx_hal_exti.c...
compiling BasicMathFunctionsF16.c...
compiling stm32f4xx_hal_tim_ex.c...
compiling ControllerFunctions.c...
compiling stm32f4xx_hal_spi.c...
compiling ComplexMathFunctionsF16.c...
compiling stm32f4xx_hal_uart.c...
compiling DistanceFunctionsF16.c...
compiling CommonTablesF16.c...
compiling FastMathFunctionsF16.c...
compiling stm32f4xx_hal_tim.c...
compiling BasicMathFunctions.c...
compiling InterpolationFunctionsF16.c...
compiling FastMathFunctions.c...
compiling ComplexMathFunctions.c...
compiling InterpolationFunctions.c...
compiling DistanceFunctions.c...
compiling QuaternionMathFunctions.c...
compiling FilteringFunctionsF16.c...
compiling SVMFunctions.c...
compiling SupportFunctionsF16.c...
compiling SVMFunctionsF16.c...
compiling StatisticsFunctionsF16.c...
compiling MatrixFunctionsF16.c...
compiling CommonTables.c...
compiling SupportFunctions.c...
compiling TransformFunctionsF16.c...
compiling StatisticsFunctions.c...
compiling MatrixFunctions.c...
compiling TransformFunctions.c...
compiling FilteringFunctions.c...
linking...
Program Size: Code=22096 RO-data=8604 RW-data=44 ZI-data=20932  
FromELF: creating hex file...
"OLED_231117\OLED_231117.axf" - 0 Error(s), 25 Warning(s).

<h2>Software Packages used:</h2>

Package Vendor: ARM
                http://www.keil.com/pack/ARM.CMSIS.5.9.0.pack
                ARM.CMSIS.5.9.0
                CMSIS (Common Microcontroller Software Interface Standard)
   * Component: CORE Version: 5.6.0
   * Component: DSP Variant: Source Version: 1.10.0

Package Vendor: Keil
                http://www.keil.com/pack/Keil.STM32F4xx_DFP.2.16.0.pack
                Keil.STM32F4xx_DFP.2.16.0
                STMicroelectronics STM32F4 Series Device Support, Drivers and Examples

<h2>Collection of Component include folders:</h2>
  ./RTE/_OLED_231117
  D:/keil pack/ARM/CMSIS/5.9.0/CMSIS/Core/Include
  D:/keil pack/ARM/CMSIS/5.9.0/CMSIS/DSP/Include
  D:/keil pack/ARM/CMSIS/5.9.0/CMSIS/DSP/PrivateInclude
  D:/keil pack/Keil/STM32F4xx_DFP/2.16.0/Drivers/CMSIS/Device/ST/STM32F4xx/Include

<h2>Collection of Component Files used:</h2>

   * Component: ARM::CMSIS:CORE:5.6.0

   * Component: ARM::CMSIS:DSP:Source:1.10.0
      Source file:   CMSIS/DSP/Source/ControllerFunctions/ControllerFunctions.c
      Source file:   CMSIS/DSP/Source/CommonTables/CommonTablesF16.c
      Source file:   CMSIS/DSP/Source/QuaternionMathFunctions/QuaternionMathFunctions.c
      Source file:   CMSIS/DSP/Source/ComplexMathFunctions/ComplexMathFunctions.c
      Source file:   CMSIS/DSP/Source/DistanceFunctions/DistanceFunctions.c
      Source file:   CMSIS/DSP/Source/BasicMathFunctions/BasicMathFunctionsF16.c
      Source file:   CMSIS/DSP/Source/FilteringFunctions/FilteringFunctionsF16.c
      Source file:   CMSIS/DSP/Source/TransformFunctions/TransformFunctionsF16.c
      Source file:   CMSIS/DSP/Source/BayesFunctions/BayesFunctions.c
      Source file:   CMSIS/DSP/Source/StatisticsFunctions/StatisticsFunctionsF16.c
      Source file:   CMSIS/DSP/Source/FastMathFunctions/FastMathFunctionsF16.c
      Source file:   CMSIS/DSP/Source/CommonTables/CommonTables.c
      Source file:   CMSIS/DSP/Source/SupportFunctions/SupportFunctionsF16.c
      Source file:   CMSIS/DSP/Source/MatrixFunctions/MatrixFunctionsF16.c
      Source file:   CMSIS/DSP/Source/ComplexMathFunctions/ComplexMathFunctionsF16.c
      Source file:   CMSIS/DSP/Source/SVMFunctions/SVMFunctionsF16.c
      Source file:   CMSIS/DSP/Source/BayesFunctions/BayesFunctionsF16.c
      Source file:   CMSIS/DSP/Source/SVMFunctions/SVMFunctions.c
      Source file:   CMSIS/DSP/Source/StatisticsFunctions/StatisticsFunctions.c
      Source file:   CMSIS/DSP/Source/SupportFunctions/SupportFunctions.c
      Source file:   CMSIS/DSP/Source/DistanceFunctions/DistanceFunctionsF16.c
      Source file:   CMSIS/DSP/Source/FastMathFunctions/FastMathFunctions.c
      Source file:   CMSIS/DSP/Source/FilteringFunctions/FilteringFunctions.c
      Source file:   CMSIS/DSP/Source/TransformFunctions/TransformFunctions.c
      Source file:   CMSIS/DSP/Source/InterpolationFunctions/InterpolationFunctionsF16.c
      Source file:   CMSIS/DSP/Source/MatrixFunctions/MatrixFunctions.c
      Source file:   CMSIS/DSP/Source/InterpolationFunctions/InterpolationFunctions.c
      Include file:  CMSIS/DSP/Include/arm_math.h
      Include file:  CMSIS/DSP/Include/arm_const_structs.h
      Include file:  CMSIS/DSP/Include/arm_common_tables.h
      Source file:   CMSIS/DSP/Source/BasicMathFunctions/BasicMathFunctions.c
      Include file:  CMSIS/DSP/Include/arm_common_tables_f16.h
      Include file:  CMSIS/DSP/Include/arm_math_f16.h
      Include file:  CMSIS/DSP/Include/arm_const_structs_f16.h
Build Time Elapsed:  00:00:05
</pre>
</body>
</html>
