Component: Arm Compiler for Embedded 6.18 Tool: armlink [5e4cc100]

==============================================================================

Section Cross References

    startup_stm32f429xx.o(RESET) refers to startup_stm32f429xx.o(STACK) for __initial_sp
    startup_stm32f429xx.o(RESET) refers to startup_stm32f429xx.o(.text) for Reset_Handler
    startup_stm32f429xx.o(RESET) refers to stm32f4xx_it.o(.text.NMI_Handler) for NMI_Handler
    startup_stm32f429xx.o(RESET) refers to stm32f4xx_it.o(.text.HardFault_Handler) for HardFault_Handler
    startup_stm32f429xx.o(RESET) refers to stm32f4xx_it.o(.text.MemManage_Handler) for MemManage_Handler
    startup_stm32f429xx.o(RESET) refers to stm32f4xx_it.o(.text.BusFault_Handler) for BusFault_Handler
    startup_stm32f429xx.o(RESET) refers to stm32f4xx_it.o(.text.UsageFault_Handler) for UsageFault_Handler
    startup_stm32f429xx.o(RESET) refers to stm32f4xx_it.o(.text.SVC_Handler) for SVC_Handler
    startup_stm32f429xx.o(RESET) refers to stm32f4xx_it.o(.text.DebugMon_Handler) for DebugMon_Handler
    startup_stm32f429xx.o(RESET) refers to stm32f4xx_it.o(.text.PendSV_Handler) for PendSV_Handler
    startup_stm32f429xx.o(RESET) refers to stm32f4xx_it.o(.text.SysTick_Handler) for SysTick_Handler
    startup_stm32f429xx.o(RESET) refers to stm32f4xx_it.o(.text.ADC_IRQHandler) for ADC_IRQHandler
    startup_stm32f429xx.o(RESET) refers to stm32f4xx_it.o(.text.USART1_IRQHandler) for USART1_IRQHandler
    startup_stm32f429xx.o(RESET) refers to stm32f4xx_it.o(.text.TIM6_DAC_IRQHandler) for TIM6_DAC_IRQHandler
    startup_stm32f429xx.o(RESET) refers to stm32f4xx_it.o(.text.DMA2_Stream0_IRQHandler) for DMA2_Stream0_IRQHandler
    startup_stm32f429xx.o(.text) refers to system_stm32f4xx.o(.text.SystemInit) for SystemInit
    startup_stm32f429xx.o(.text) refers to entry.o(.ARM.Collect$$$$00000000) for __main
    main.o(.text.HAL_UART_RxCpltCallback) refers to main.o(.bss..L_MergedGlobals.45) for .L_MergedGlobals.45
    main.o(.text.HAL_UART_RxCpltCallback) refers to main.o(.bss.RxBuffer) for RxBuffer
    main.o(.text.HAL_UART_RxCpltCallback) refers to usart.o(.bss.huart1) for huart1
    main.o(.text.HAL_UART_RxCpltCallback) refers to stm32f4xx_hal_uart.o(.text.HAL_UART_Receive_IT) for HAL_UART_Receive_IT
    main.o(.ARM.exidx.text.HAL_UART_RxCpltCallback) refers to main.o(.text.HAL_UART_RxCpltCallback) for [Anonymous Symbol]
    main.o(.text.Clear_Buffer) refers to main.o(.bss..L_MergedGlobals.45) for .L_MergedGlobals.45
    main.o(.text.Clear_Buffer) refers to main.o(.bss.RxBuffer) for RxBuffer
    main.o(.text.Clear_Buffer) refers to memseta.o(.text) for __aeabi_memclr4
    main.o(.ARM.exidx.text.Clear_Buffer) refers to main.o(.text.Clear_Buffer) for [Anonymous Symbol]
    main.o(.text.main) refers to stm32f4xx_hal.o(.text.HAL_Init) for HAL_Init
    main.o(.text.main) refers to stm32f4xx_hal_rcc.o(.text.HAL_RCC_OscConfig) for HAL_RCC_OscConfig
    main.o(.text.main) refers to stm32f4xx_hal_pwr_ex.o(.text.HAL_PWREx_EnableOverDrive) for HAL_PWREx_EnableOverDrive
    main.o(.text.main) refers to stm32f4xx_hal_rcc.o(.text.HAL_RCC_ClockConfig) for HAL_RCC_ClockConfig
    main.o(.text.main) refers to gpio.o(.text.MX_GPIO_Init) for MX_GPIO_Init
    main.o(.text.main) refers to dma.o(.text.MX_DMA_Init) for MX_DMA_Init
    main.o(.text.main) refers to spi.o(.text.MX_SPI5_Init) for MX_SPI5_Init
    main.o(.text.main) refers to adc.o(.text.MX_ADC1_Init) for MX_ADC1_Init
    main.o(.text.main) refers to tim.o(.text.MX_TIM3_Init) for MX_TIM3_Init
    main.o(.text.main) refers to tim.o(.text.MX_TIM6_Init) for MX_TIM6_Init
    main.o(.text.main) refers to usart.o(.text.MX_USART1_UART_Init) for MX_USART1_UART_Init
    main.o(.text.main) refers to delay.o(.text.delay_init) for delay_init
    main.o(.text.main) refers to lcd_init.o(.text.LCD_Init) for LCD_Init
    main.o(.text.main) refers to lcd.o(.text.LCD_Fill) for LCD_Fill
    main.o(.text.main) refers to tim.o(.bss.htim3) for htim3
    main.o(.text.main) refers to stm32f4xx_hal_tim.o(.text.HAL_TIM_Base_Start) for HAL_TIM_Base_Start
    main.o(.text.main) refers to tim.o(.bss.htim6) for htim6
    main.o(.text.main) refers to stm32f4xx_hal_tim.o(.text.HAL_TIM_Base_Start_IT) for HAL_TIM_Base_Start_IT
    main.o(.text.main) refers to main.o(.data..L_MergedGlobals) for .L_MergedGlobals
    main.o(.text.main) refers to adc.o(.bss.hadc1) for hadc1
    main.o(.text.main) refers to stm32f4xx_hal_adc.o(.text.HAL_ADC_Start_DMA) for HAL_ADC_Start_DMA
    main.o(.text.main) refers to main.o(.bss..L_MergedGlobals.45) for .L_MergedGlobals.45
    main.o(.text.main) refers to usart.o(.bss.huart1) for huart1
    main.o(.text.main) refers to stm32f4xx_hal_uart.o(.text.HAL_UART_Receive_IT) for HAL_UART_Receive_IT
    main.o(.text.main) refers to printfa.o(i.__0printf) for __2printf
    main.o(.text.main) refers to stm32f4xx_hal.o(.text.HAL_Delay) for HAL_Delay
    main.o(.text.main) refers to main.o(.rodata.str1.1) for .Lstr.41
[...]
    ../mathlib/exp.c                         0x00000000   Number         0  exp.o ABSOLUTE
    ../mathlib/expf.c                        0x00000000   Number         0  expf.o ABSOLUTE
    ../mathlib/floorf.c                      0x00000000   Number         0  floorf.o ABSOLUTE
    ../mathlib/fpclassify.c                  0x00000000   Number         0  fpclassify.o ABSOLUTE
    ../mathlib/fpclassifyf.c                 0x00000000   Number         0  fpclassifyf.o ABSOLUTE
    ../mathlib/funder.c                      0x00000000   Number         0  funder.o ABSOLUTE
    ../mathlib/log.c                         0x00000000   Number         0  log.o ABSOLUTE
    ../mathlib/logf.c                        0x00000000   Number         0  logf.o ABSOLUTE
    ../mathlib/poly.c                        0x00000000   Number         0  poly.o ABSOLUTE
    ../mathlib/powf.c                        0x00000000   Number         0  powf.o ABSOLUTE
    ../mathlib/qnan.c                        0x00000000   Number         0  qnan.o ABSOLUTE
    ../mathlib/sqrt.c                        0x00000000   Number         0  sqrt.o ABSOLUTE
    ../mathlib/sqrtf.c                       0x00000000   Number         0  sqrtf.o ABSOLUTE
    ../mathlib/tanhf.c                       0x00000000   Number         0  tanhf.o ABSOLUTE
    BasicMathFunctions.c                     0x00000000   Number         0  basicmathfunctions.o ABSOLUTE
    BasicMathFunctionsF16.c                  0x00000000   Number         0  basicmathfunctionsf16.o ABSOLUTE
    BayesFunctions.c                         0x00000000   Number         0  bayesfunctions.o ABSOLUTE
    BayesFunctionsF16.c                      0x00000000   Number         0  bayesfunctionsf16.o ABSOLUTE
    CommonTables.c                           0x00000000   Number         0  commontables.o ABSOLUTE
    CommonTablesF16.c                        0x00000000   Number         0  commontablesf16.o ABSOLUTE
    ComplexMathFunctions.c                   0x00000000   Number         0  complexmathfunctions.o ABSOLUTE
    ComplexMathFunctionsF16.c                0x00000000   Number         0  complexmathfunctionsf16.o ABSOLUTE
    ControllerFunctions.c                    0x00000000   Number         0  controllerfunctions.o ABSOLUTE
    DistanceFunctions.c                      0x00000000   Number         0  distancefunctions.o ABSOLUTE
    DistanceFunctionsF16.c                   0x00000000   Number         0  distancefunctionsf16.o ABSOLUTE
    FastMathFunctions.c                      0x00000000   Number         0  fastmathfunctions.o ABSOLUTE
    FastMathFunctionsF16.c                   0x00000000   Number         0  fastmathfunctionsf16.o ABSOLUTE
    FilteringFunctions.c                     0x00000000   Number         0  filteringfunctions.o ABSOLUTE
    FilteringFunctionsF16.c                  0x00000000   Number         0  filteringfunctionsf16.o ABSOLUTE
    InterpolationFunctions.c                 0x00000000   Number         0  interpolationfunctions.o ABSOLUTE
    InterpolationFunctionsF16.c              0x00000000   Number         0  interpolationfunctionsf16.o ABSOLUTE
    MatrixFunctions.c                        0x00000000   Number         0  matrixfunctions.o ABSOLUTE
    MatrixFunctionsF16.c                     0x00000000   Number         0  matrixfunctionsf16.o ABSOLUTE
    QuaternionMathFunctions.c                0x00000000   Number         0  quaternionmathfunctions.o ABSOLUTE
    SVMFunctions.c                           0x00000000   Number         0  svmfunctions.o ABSOLUTE
    SVMFunctionsF16.c                        0x00000000   Number         0  svmfunctionsf16.o ABSOLUTE
    StatisticsFunctions.c                    0x00000000   Number         0  statisticsfunctions.o ABSOLUTE
    StatisticsFunctionsF16.c                 0x00000000   Number         0  statisticsfunctionsf16.o ABSOLUTE
    SupportFunctions.c                       0x00000000   Number         0  supportfunctions.o ABSOLUTE
    SupportFunctionsF16.c                    0x00000000   Number         0  supportfunctionsf16.o ABSOLUTE
    TransformFunctions.c                     0x00000000   Number         0  transformfunctions.o ABSOLUTE
    TransformFunctionsF16.c                  0x00000000   Number         0  transformfunctionsf16.o ABSOLUTE
    adc.c                                    0x00000000   Number         0  adc.o ABSOLUTE
    cdcmple.s                                0x00000000   Number         0  cdcmple.o ABSOLUTE
    cdrcmple.s                               0x00000000   Number         0  cdrcmple.o ABSOLUTE
    dc.s                                     0x00000000   Number         0  dc.o ABSOLUTE
    delay.c                                  0x00000000   Number         0  delay.o ABSOLUTE
    dma.c                                    0x00000000   Number         0  dma.o ABSOLUTE
    gpio.c                                   0x00000000   Number         0  gpio.o ABSOLUTE
    handlers.s                               0x00000000   Number         0  handlers.o ABSOLUTE
    init.s                                   0x00000000   Number         0  init.o ABSOLUTE
    key.c                                    0x00000000   Number         0  key.o ABSOLUTE
    lcd.c                                    0x00000000   Number         0  lcd.o ABSOLUTE
    lcd_init.c                               0x00000000   Number         0  lcd_init.o ABSOLUTE
    main.c                                   0x00000000   Number         0  main.o ABSOLUTE
    spi.c                                    0x00000000   Number         0  spi.o ABSOLUTE
    startup_stm32f429xx.s                    0x00000000   Number         0  startup_stm32f429xx.o ABSOLUTE
    stm32f4xx_hal.c                          0x00000000   Number         0  stm32f4xx_hal.o ABSOLUTE
    stm32f4xx_hal_adc.c                      0x00000000   Number         0  stm32f4xx_hal_adc.o ABSOLUTE
    stm32f4xx_hal_adc_ex.c                   0x00000000   Number         0  stm32f4xx_hal_adc_ex.o ABSOLUTE
    stm32f4xx_hal_cortex.c                   0x00000000   Number         0  stm32f4xx_hal_cortex.o ABSOLUTE
    stm32f4xx_hal_dma.c                      0x00000000   Number         0  stm32f4xx_hal_dma.o ABSOLUTE
    stm32f4xx_hal_dma_ex.c                   0x00000000   Number         0  stm32f4xx_hal_dma_ex.o ABSOLUTE
    stm32f4xx_hal_exti.c                     0x00000000   Number         0  stm32f4xx_hal_exti.o ABSOLUTE
    stm32f4xx_hal_flash.c                    0x00000000   Number         0  stm32f4xx_hal_flash.o ABSOLUTE
    stm32f4xx_hal_flash_ex.c                 0x00000000   Number         0  stm32f4xx_hal_flash_ex.o ABSOLUTE
    stm32f4xx_hal_flash_ramfunc.c            0x00000000   Number         0  stm32f4xx_hal_flash_ramfunc.o ABSOLUTE
    stm32f4xx_hal_gpio.c                     0x00000000   Number         0  stm32f4xx_hal_gpio.o ABSOLUTE
    stm32f4xx_hal_msp.c                      0x00000000   Number         0  stm32f4xx_hal_msp.o ABSOLUTE
    stm32f4xx_hal_pwr.c                      0x00000000   Number         0  stm32f4xx_hal_pwr.o ABSOLUTE
    stm32f4xx_hal_pwr_ex.c                   0x00000000   Number         0  stm32f4xx_hal_pwr_ex.o ABSOLUTE
    stm32f4xx_hal_rcc.c                      0x00000000   Number         0  stm32f4xx_hal_rcc.o ABSOLUTE
    stm32f4xx_hal_rcc_ex.c                   0x00000000   Number         0  stm32f4xx_hal_rcc_ex.o ABSOLUTE
    stm32f4xx_hal_spi.c                      0x00000000   Number         0  stm32f4xx_hal_spi.o ABSOLUTE
    stm32f4xx_hal_tim.c                      0x00000000   Number         0  stm32f4xx_hal_tim.o ABSOLUTE
    stm32f4xx_hal_tim_ex.c                   0x00000000   Number         0  stm32f4xx_hal_tim_ex.o ABSOLUTE
    stm32f4xx_hal_uart.c                     0x00000000   Number         0  stm32f4xx_hal_uart.o ABSOLUTE
    stm32f4xx_it.c                           0x00000000   Number         0  stm32f4xx_it.o ABSOLUTE
    system_stm32f4xx.c                       0x00000000   Number         0  system_stm32f4xx.o ABSOLUTE
    tim.c                                    0x00000000   Number         0  tim.o ABSOLUTE
    usart.c                                  0x00000000   Number         0  usart.o ABSOLUTE
    RESET                                    0x08000000   Section      428  startup_stm32f429xx.o(RESET)
    .ARM.Collect$$$$00000000                 0x080001ac   Section        0  entry.o(.ARM.Collect$$$$00000000)
    .ARM.Collect$$$$00000001                 0x080001ac   Section        4  entry2.o(.ARM.Collect$$$$00000001)
    .ARM.Collect$$$$00000004                 0x080001b0   Section        4  entry5.o(.ARM.Collect$$$$00000004)
    .ARM.Collect$$$$00000008                 0x080001b4   Section        0  entry7b.o(.ARM.Collect$$$$00000008)
    .ARM.Collect$$$$0000000A                 0x080001b4   Section        0  entry8b.o(.ARM.Collect$$$$0000000A)
    .ARM.Collect$$$$0000000B                 0x080001b4   Section        8  entry9a.o(.ARM.Collect$$$$0000000B)
    __lit__00000000                          0x080001bc   Data           4  entry2.o(.ARM.Collect$$$$00002712)
    .ARM.Collect$$$$0000000D                 0x080001bc   Section        0  entry10a.o(.ARM.Collect$$$$0000000D)
    .ARM.Collect$$$$0000000F                 0x080001bc   Section        0  entry11a.o(.ARM.Collect$$$$0000000F)
    .ARM.Collect$$$$00002712                 0x080001bc   Section        4  entry2.o(.ARM.Collect$$$$00002712)
    $v0                                      0x080001c0   Number         0  startup_stm32f429xx.o(.text)
    .text                                    0x080001c0   Section       36  startup_stm32f429xx.o(.text)
    .text                                    0x080001e4   Section        0  uldiv.o(.text)
    .text                                    0x08000246   Section        0  memcpya.o(.text)
    .text                                    0x0800026a   Section        0  memseta.o(.text)
    .text                                    0x0800028e   Section        0  strstr.o(.text)
    .text                                    0x080002b2   Section        0  dadd.o(.text)
    .text                                    0x08000400   Section        0  dmul.o(.text)
    .text                                    0x080004e4   Section        0  ddiv.o(.text)
    .text                                    0x080005c2   Section        0  dfltui.o(.text)
    .text                                    0x080005dc   Section        0  f2d.o(.text)
    .text                                    0x08000602   Section        0  d2f.o(.text)
    .text                                    0x0800063a   Section        0  uidiv.o(.text)
    .text                                    0x08000666   Section        0  llshl.o(.text)
    .text                                    0x08000684   Section        0  llushr.o(.text)
    .text                                    0x080006a4   Section        0  llsshr.o(.text)
    .text                                    0x080006c8   Section        0  iusefp.o(.text)
    .text                                    0x080006c8   Section        0  fepilogue.o(.text)
    .text                                    0x08000736   Section        0  depilogue.o(.text)
    .text                                    0x080007f0   Section        0  dfixul.o(.text)
    .text                                    0x08000820   Section       48  cdrcmple.o(.text)
    .text                                    0x08000850   Section       36  init.o(.text)
    ADC_DMAConvCplt                          0x08000875   Thumb Code   110  stm32f4xx_hal_adc.o(.text.ADC_DMAConvCplt)
    [Anonymous Symbol]                       0x08000874   Section        0  stm32f4xx_hal_adc.o(.text.ADC_DMAConvCplt)
    ADC_DMAError                             0x080008e5   Thumb Code    18  stm32f4xx_hal_adc.o(.text.ADC_DMAError)
    [Anonymous Symbol]                       0x080008e4   Section        0  stm32f4xx_hal_adc.o(.text.ADC_DMAError)
    ADC_DMAHalfConvCplt                      0x080008f9   Thumb Code     6  stm32f4xx_hal_adc.o(.text.ADC_DMAHalfConvCplt)
    [Anonymous Symbol]                       0x080008f8   Section        0  stm32f4xx_hal_adc.o(.text.ADC_DMAHalfConvCplt)
    [Anonymous Symbol]                       0x08000900   Section        0  stm32f4xx_it.o(.text.ADC_IRQHandler)
    [Anonymous Symbol]                       0x0800090c   Section        0  stm32f4xx_it.o(.text.BusFault_Handler)
    [Anonymous Symbol]                       0x08000910   Section        0  stm32f4xx_it.o(.text.DMA2_Stream0_IRQHandler)
    [Anonymous Symbol]                       0x0800091c   Section        0  stm32f4xx_it.o(.text.DebugMon_Handler)
    [Anonymous Symbol]                       0x08000920   Section        0  main.o(.text.DrawAxis)
    [Anonymous Symbol]                       0x080009f0   Section        0  main.o(.text.DrawWave)
    [Anonymous Symbol]                       0x08000c68   Section        0  main.o(.text.Error_Handler)
    [Anonymous Symbol]                       0x08000c70   Section        0  main.o(.text.GetHeartRate)
    [Anonymous Symbol]                       0x08000e9c   Section        0  stm32f4xx_hal_adc_ex.o(.text.HAL_ADCEx_InjectedConvCpltCallback)
    [Anonymous Symbol]                       0x08000ea0   Section        0  stm32f4xx_hal_adc.o(.text.HAL_ADC_ConfigChannel)
    [Anonymous Symbol]                       0x08000ffc   Section        0  main.o(.text.HAL_ADC_ConvCpltCallback)
    [Anonymous Symbol]                       0x08001058   Section        0  stm32f4xx_hal_adc.o(.text.HAL_ADC_ConvHalfCpltCallback)
    [Anonymous Symbol]                       0x0800105c   Section        0  stm32f4xx_hal_adc.o(.text.HAL_ADC_ErrorCallback)
    [Anonymous Symbol]                       0x08001060   Section        0  stm32f4xx_hal_adc.o(.text.HAL_ADC_IRQHandler)
    [Anonymous Symbol]                       0x080011a8   Section        0  stm32f4xx_hal_adc.o(.text.HAL_ADC_Init)
    [Anonymous Symbol]                       0x08001308   Section        0  stm32f4xx_hal_adc.o(.text.HAL_ADC_LevelOutOfWindowCallback)
    [Anonymous Symbol]                       0x0800130c   Section        0  adc.o(.text.HAL_ADC_MspInit)
    [Anonymous Symbol]                       0x080013d0   Section        0  stm32f4xx_hal_adc.o(.text.HAL_ADC_Start_DMA)
    [Anonymous Symbol]                       0x08001554   Section        0  stm32f4xx_hal_dma.o(.text.HAL_DMA_Abort_IT)
    [Anonymous Symbol]                       0x08001578   Section        0  stm32f4xx_hal_dma.o(.text.HAL_DMA_IRQHandler)
    [Anonymous Symbol]                       0x08001738   Section        0  stm32f4xx_hal_dma.o(.text.HAL_DMA_Init)
    [Anonymous Symbol]                       0x0800189c   Section        0  stm32f4xx_hal_dma.o(.text.HAL_DMA_Start_IT)
    [Anonymous Symbol]                       0x0800193c   Section        0  stm32f4xx_hal.o(.text.HAL_Delay)
    [Anonymous Symbol]                       0x08001964   Section        0  stm32f4xx_hal_gpio.o(.text.HAL_GPIO_Init)
    [Anonymous Symbol]                       0x08001b18   Section        0  stm32f4xx_hal_gpio.o(.text.HAL_GPIO_ReadPin)
    [Anonymous Symbol]                       0x08001b24   Section        0  stm32f4xx_hal_gpio.o(.text.HAL_GPIO_WritePin)
    [Anonymous Symbol]                       0x08001b30   Section        0  stm32f4xx_hal.o(.text.HAL_GetTick)
    [Anonymous Symbol]                       0x08001b3c   Section        0  stm32f4xx_hal.o(.text.HAL_IncTick)
    [Anonymous Symbol]                       0x08001b58   Section        0  stm32f4xx_hal.o(.text.HAL_Init)
    [Anonymous Symbol]                       0x08001b90   Section        0  stm32f4xx_hal.o(.text.HAL_InitTick)
    [Anonymous Symbol]                       0x08001bd8   Section        0  stm32f4xx_hal_msp.o(.text.HAL_MspInit)
    [Anonymous Symbol]                       0x08001c10   Section        0  stm32f4xx_hal_cortex.o(.text.HAL_NVIC_EnableIRQ)
    [Anonymous Symbol]                       0x08001c30   Section        0  stm32f4xx_hal_cortex.o(.text.HAL_NVIC_SetPriority)
    [Anonymous Symbol]                       0x08001c88   Section        0  stm32f4xx_hal_cortex.o(.text.HAL_NVIC_SetPriorityGrouping)
    [Anonymous Symbol]                       0x08001ca8   Section        0  stm32f4xx_hal_pwr_ex.o(.text.HAL_PWREx_EnableOverDrive)
    [Anonymous Symbol]                       0x08001d24   Section        0  stm32f4xx_hal_rcc.o(.text.HAL_RCC_ClockConfig)
    [Anonymous Symbol]                       0x08001e84   Section        0  stm32f4xx_hal_rcc.o(.text.HAL_RCC_GetPCLK1Freq)
    [Anonymous Symbol]                       0x08001eac   Section        0  stm32f4xx_hal_rcc.o(.text.HAL_RCC_GetPCLK2Freq)
    [Anonymous Symbol]                       0x08001ed4   Section        0  stm32f4xx_hal_rcc.o(.text.HAL_RCC_GetSysClockFreq)
    [Anonymous Symbol]                       0x08001f40   Section        0  stm32f4xx_hal_rcc.o(.text.HAL_RCC_OscConfig)
    [Anonymous Symbol]                       0x080022a4   Section        0  stm32f4xx_hal_spi.o(.text.HAL_SPI_Init)
    [Anonymous Symbol]                       0x08002318   Section        0  spi.o(.text.HAL_SPI_MspInit)
    [Anonymous Symbol]                       0x080023c0   Section        0  stm32f4xx_hal_spi.o(.text.HAL_SPI_Transmit)
    [Anonymous Symbol]                       0x08002588   Section        0  stm32f4xx_hal_cortex.o(.text.HAL_SYSTICK_CLKSourceConfig)
    [Anonymous Symbol]                       0x080025a0   Section        0  stm32f4xx_hal_cortex.o(.text.HAL_SYSTICK_Config)
    [Anonymous Symbol]                       0x080025cc   Section        0  stm32f4xx_hal_tim_ex.o(.text.HAL_TIMEx_BreakCallback)
    [Anonymous Symbol]                       0x080025d0   Section        0  stm32f4xx_hal_tim_ex.o(.text.HAL_TIMEx_CommutCallback)
    [Anonymous Symbol]                       0x080025d4   Section        0  stm32f4xx_hal_tim_ex.o(.text.HAL_TIMEx_MasterConfigSynchronization)
    [Anonymous Symbol]                       0x0800268c   Section        0  stm32f4xx_hal_tim.o(.text.HAL_TIM_Base_Init)
    [Anonymous Symbol]                       0x080026c4   Section        0  tim.o(.text.HAL_TIM_Base_MspInit)
    [Anonymous Symbol]                       0x08002738   Section        0  stm32f4xx_hal_tim.o(.text.HAL_TIM_Base_Start)
    [Anonymous Symbol]                       0x08002760   Section        0  stm32f4xx_hal_tim.o(.text.HAL_TIM_Base_Start_IT)
    [Anonymous Symbol]                       0x08002780   Section        0  stm32f4xx_hal_tim.o(.text.HAL_TIM_ConfigClockSource)
    [Anonymous Symbol]                       0x08002914   Section        0  stm32f4xx_hal_tim.o(.text.HAL_TIM_IC_CaptureCallback)
    [Anonymous Symbol]                       0x08002918   Section        0  stm32f4xx_hal_tim.o(.text.HAL_TIM_IRQHandler)
    [Anonymous Symbol]                       0x08002a88   Section        0  stm32f4xx_hal_tim.o(.text.HAL_TIM_OC_DelayElapsedCallback)
    [Anonymous Symbol]                       0x08002a8c   Section        0  stm32f4xx_hal_tim.o(.text.HAL_TIM_PWM_PulseFinishedCallback)
    [Anonymous Symbol]                       0x08002a90   Section        0  stm32f4xx_hal_tim.o(.text.HAL_TIM_PeriodElapsedCallback)
    [Anonymous Symbol]                       0x08002a94   Section        0  stm32f4xx_hal_tim.o(.text.HAL_TIM_TriggerCallback)
    [Anonymous Symbol]                       0x08002a98   Section        0  stm32f4xx_hal_uart.o(.text.HAL_UART_ErrorCallback)
    [Anonymous Symbol]                       0x08002a9c   Section        0  stm32f4xx_hal_uart.o(.text.HAL_UART_IRQHandler)
    [Anonymous Symbol]                       0x08002d14   Section        0  stm32f4xx_hal_uart.o(.text.HAL_UART_Init)
    [Anonymous Symbol]                       0x08002d74   Section        0  usart.o(.text.HAL_UART_MspInit)
    [Anonymous Symbol]                       0x08002df0   Section        0  stm32f4xx_hal_uart.o(.text.HAL_UART_Receive_IT)
    [Anonymous Symbol]                       0x08002e44   Section        0  main.o(.text.HAL_UART_RxCpltCallback)
    [Anonymous Symbol]                       0x08002e84   Section        0  stm32f4xx_hal_uart.o(.text.HAL_UART_Transmit)
    [Anonymous Symbol]                       0x08003018   Section        0  stm32f4xx_hal_uart.o(.text.HAL_UART_TxCpltCallback)
    [Anonymous Symbol]                       0x0800301c   Section        0  stm32f4xx_it.o(.text.HardFault_Handler)
    [Anonymous Symbol]                       0x08003020   Section        0  key.o(.text.KEY1_RUN)
    [Anonymous Symbol]                       0x080030e0   Section        0  key.o(.text.KEY2_RUN)
    [Anonymous Symbol]                       0x080031a0   Section        0  lcd_init.o(.text.LCD_Address_Set)
    [Anonymous Symbol]                       0x080032d4   Section        0  lcd.o(.text.LCD_DrawLine)
    [Anonymous Symbol]                       0x08003374   Section        0  lcd.o(.text.LCD_Fill)
    [Anonymous Symbol]                       0x080033bc   Section        0  lcd_init.o(.text.LCD_Init)
    [Anonymous Symbol]                       0x080039f0   Section        0  lcd.o(.text.LCD_ShowChar)
    [Anonymous Symbol]                       0x08003de8   Section        0  lcd.o(.text.LCD_ShowFloatNum1)
    [Anonymous Symbol]                       0x08003f40   Section        0  lcd.o(.text.LCD_ShowString)
    [Anonymous Symbol]                       0x08003f88   Section        0  lcd_init.o(.text.LCD_WR_DATA)
    [Anonymous Symbol]                       0x08003fc0   Section        0  adc.o(.text.MX_ADC1_Init)
    [Anonymous Symbol]                       0x08004030   Section        0  dma.o(.text.MX_DMA_Init)
    [Anonymous Symbol]                       0x08004068   Section        0  gpio.o(.text.MX_GPIO_Init)
    [Anonymous Symbol]                       0x0800412c   Section        0  spi.o(.text.MX_SPI5_Init)
    [Anonymous Symbol]                       0x08004178   Section        0  tim.o(.text.MX_TIM3_Init)
    [Anonymous Symbol]                       0x080041f4   Section        0  tim.o(.text.MX_TIM6_Init)
    [Anonymous Symbol]                       0x08004244   Section        0  usart.o(.text.MX_USART1_UART_Init)
    [Anonymous Symbol]                       0x08004280   Section        0  stm32f4xx_it.o(.text.MemManage_Handler)
    [Anonymous Symbol]                       0x08004284   Section        0  stm32f4xx_it.o(.text.NMI_Handler)
    [Anonymous Symbol]                       0x08004288   Section        0  stm32f4xx_it.o(.text.PendSV_Handler)
    SPI_EndRxTxTransaction                   0x0800428d   Thumb Code   288  stm32f4xx_hal_spi.o(.text.SPI_EndRxTxTransaction)
    [Anonymous Symbol]                       0x0800428c   Section        0  stm32f4xx_hal_spi.o(.text.SPI_EndRxTxTransaction)
    [Anonymous Symbol]                       0x080043ac   Section        0  stm32f4xx_it.o(.text.SVC_Handler)
    [Anonymous Symbol]                       0x080043b0   Section        0  stm32f4xx_it.o(.text.SysTick_Handler)
    [Anonymous Symbol]                       0x080043b4   Section        0  system_stm32f4xx.o(.text.SystemInit)
    [Anonymous Symbol]                       0x080043d0   Section        0  stm32f4xx_it.o(.text.TIM6_DAC_IRQHandler)
    [Anonymous Symbol]                       0x080043f8   Section        0  stm32f4xx_hal_tim.o(.text.TIM_Base_SetConfig)
    UART_DMAAbortOnError                     0x08004535   Thumb Code    12  stm32f4xx_hal_uart.o(.text.UART_DMAAbortOnError)
    [Anonymous Symbol]                       0x08004534   Section        0  stm32f4xx_hal_uart.o(.text.UART_DMAAbortOnError)
    UART_SetConfig                           0x08004541   Thumb Code   246  stm32f4xx_hal_uart.o(.text.UART_SetConfig)
    [Anonymous Symbol]                       0x08004540   Section        0  stm32f4xx_hal_uart.o(.text.UART_SetConfig)
    [Anonymous Symbol]                       0x08004638   Section        0  stm32f4xx_it.o(.text.USART1_IRQHandler)
    [Anonymous Symbol]                       0x08004644   Section        0  stm32f4xx_it.o(.text.UsageFault_Handler)
    [Anonymous Symbol]                       0x08004648   Section        0  delay.o(.text.delay_init)
    [Anonymous Symbol]                       0x08004660   Section        0  delay.o(.text.delay_ms)
    [Anonymous Symbol]                       0x08004838   Section        0  usart.o(.text.fputc)
    [Anonymous Symbol]                       0x0800485c   Section        0  main.o(.text.main)
    i.__0printf                              0x08004ed8   Section        0  printfa.o(i.__0printf)
    i.__scatterload_copy                     0x08004ef8   Section       14  handlers.o(i.__scatterload_copy)
    i.__scatterload_null                     0x08004f06   Section        2  handlers.o(i.__scatterload_null)
    i.__scatterload_zeroinit                 0x08004f08   Section       14  handlers.o(i.__scatterload_zeroinit)
    _fp_digits                               0x08004f19   Thumb Code   366  printfa.o(i._fp_digits)
    i._fp_digits                             0x08004f18   Section        0  printfa.o(i._fp_digits)
    _printf_core                             0x0800509d   Thumb Code  1744  printfa.o(i._printf_core)
    i._printf_core                           0x0800509c   Section        0  printfa.o(i._printf_core)
    _printf_post_padding                     0x08005779   Thumb Code    36  printfa.o(i._printf_post_padding)
    i._printf_post_padding                   0x08005778   Section        0  printfa.o(i._printf_post_padding)
    _printf_pre_padding                      0x0800579d   Thumb Code    46  printfa.o(i._printf_pre_padding)
    i._printf_pre_padding                    0x0800579c   Section        0  printfa.o(i._printf_pre_padding)
    i.putchar                                0x080057cc   Section        0  putchar.o(i.putchar)
    i.puts                                   0x080057d8   Section        0  puts.o(i.puts)
    DMA_CalcBaseAndBitshift.flagBitshiftOffset 0x080075c4   Data           8  stm32f4xx_hal_dma.o(.rodata.cst8)
    [Anonymous Symbol]                       0x080075c4   Section        0  stm32f4xx_hal_dma.o(.rodata.cst8)
    .L.str.29                                0x080075cc   Data         137  main.o(.rodata.str1.1)
    [Anonymous Symbol]                       0x080075cc   Section        0  main.o(.rodata.str1.1)
    .Lstr.39                                 0x08007655   Data          66  main.o(.rodata.str1.1)
    .L.str.26                                0x08007685   Data         121  main.o(.rodata.str1.1)
    .Lstr.44                                 0x08007697   Data           6  main.o(.rodata.str1.1)
    .Lstr.38                                 0x0800769d   Data          31  main.o(.rodata.str1.1)
    .Lstr.34                                 0x080076bc   Data          24  main.o(.rodata.str1.1)
    .Lstr.35                                 0x080076d4   Data          40  main.o(.rodata.str1.1)
    .Lstr.41                                 0x080076fc   Data           5  main.o(.rodata.str1.1)
    .Lstr.36                                 0x08007701   Data          18  main.o(.rodata.str1.1)
    .L.str.16                                0x08007713   Data          16  main.o(.rodata.str1.1)
    .L.str.12                                0x08007723   Data          18  main.o(.rodata.str1.1)
    .L.str.20                                0x08007735   Data         122  main.o(.rodata.str1.1)
    .L.str.21                                0x080077af   Data           3  main.o(.rodata.str1.1)
    .L.str.2                                 0x080077b2   Data           8  main.o(.rodata.str1.1)
    .L.str.18                                0x080077ba   Data           9  main.o(.rodata.str1.1)
    .L.str.17                                0x080077c3   Data           9  main.o(.rodata.str1.1)
    .data                                    0x20000000   Section        4  stdout.o(.data)
    .L_MergedGlobals                         0x20000004   Data          20  main.o(.data..L_MergedGlobals)
    [Anonymous Symbol]                       0x20000004   Section        0  main.o(.data..L_MergedGlobals)
    .L_MergedGlobals                         0x20000018   Data           8  stm32f4xx_hal.o(.data..L_MergedGlobals)
    [Anonymous Symbol]                       0x20000018   Section        0  stm32f4xx_hal.o(.data..L_MergedGlobals)
    .L_MergedGlobals                         0x20000030   Data           4  key.o(.bss..L_MergedGlobals)
    [Anonymous Symbol]                       0x20000030   Section        0  key.o(.bss..L_MergedGlobals)
    .L_MergedGlobals.45                      0x20000034   Data          16  main.o(.bss..L_MergedGlobals.45)
    [Anonymous Symbol]                       0x20000034   Section        0  main.o(.bss..L_MergedGlobals.45)
    DrawWave.isDraw                          0x20000037   Data           1  main.o(.bss..L_MergedGlobals.45)
    fac_us                                   0x2000191c   Data           4  delay.o(.bss.fac_us)
    [Anonymous Symbol]                       0x2000191c   Section        0  delay.o(.bss.fac_us)
    STACK                                    0x20004df0   Section     1024  startup_stm32f429xx.o(STACK)

    Global Symbols

    Symbol Name                              Value     Ov Type        Size  Object(Section)

    BuildAttributes$$THM_ISAv4$E$P$D$K$B$S$7EM$VFPi3$EXTD16$VFPS$VFMA$PE$A:L22UL41UL21$X:L11$S22US41US21$IEEE1$IW$~IW$USESV6$~STKCKD$USESV7$~SHL$OTIME$ROPI$IEEEX$EBA8$MICROLIB$REQ8$PRES8$EABIv2 0x00000000   Number         0  anon$$obj.o ABSOLUTE
    _printf_a                                0x00000000   Number         0  printfstubs.o ABSOLUTE
    _printf_c                                0x00000000   Number         0  printfstubs.o ABSOLUTE
    _printf_charcount                        0x00000000   Number         0  printfstubs.o ABSOLUTE
    _printf_d                                0x00000000   Number         0  printfstubs.o ABSOLUTE
    _printf_e                                0x00000000   Number         0  printfstubs.o ABSOLUTE
    _printf_f                                0x00000000   Number         0  printfstubs.o ABSOLUTE
    _printf_flags                            0x00000000   Number         0  printfstubs.o ABSOLUTE
    _printf_fp_dec                           0x00000000   Number         0  printfstubs.o ABSOLUTE
    _printf_fp_hex                           0x00000000   Number         0  printfstubs.o ABSOLUTE
    _printf_g                                0x00000000   Number         0  printfstubs.o ABSOLUTE
    _printf_i                                0x00000000   Number         0  printfstubs.o ABSOLUTE
    _printf_int_dec                          0x00000000   Number         0  printfstubs.o ABSOLUTE
    _printf_l                                0x00000000   Number         0  printfstubs.o ABSOLUTE
    _printf_lc                               0x00000000   Number         0  printfstubs.o ABSOLUTE
    _printf_ll                               0x00000000   Number         0  printfstubs.o ABSOLUTE
    _printf_lld                              0x00000000   Number         0  printfstubs.o ABSOLUTE
    _printf_lli                              0x00000000   Number         0  printfstubs.o ABSOLUTE
    _printf_llo                              0x00000000   Number         0  printfstubs.o ABSOLUTE
    _printf_llu                              0x00000000   Number         0  printfstubs.o ABSOLUTE
    _printf_llx                              0x00000000   Number         0  printfstubs.o ABSOLUTE
    _printf_longlong_dec                     0x00000000   Number         0  printfstubs.o ABSOLUTE
    _printf_longlong_hex                     0x00000000   Number         0  printfstubs.o ABSOLUTE
    _printf_longlong_oct                     0x00000000   Number         0  printfstubs.o ABSOLUTE
    _printf_ls                               0x00000000   Number         0  printfstubs.o ABSOLUTE
    _printf_mbtowc                           0x00000000   Number         0  printfstubs.o ABSOLUTE
    _printf_n                                0x00000000   Number         0  printfstubs.o ABSOLUTE
    _printf_o                                0x00000000   Number         0  printfstubs.o ABSOLUTE
    _printf_p                                0x00000000   Number         0  printfstubs.o ABSOLUTE
    _printf_percent                          0x00000000   Number         0  printfstubs.o ABSOLUTE
    _printf_pre_padding                      0x00000000   Number         0  printfstubs.o ABSOLUTE
    _printf_return_value                     0x00000000   Number         0  printfstubs.o ABSOLUTE
    _printf_s                                0x00000000   Number         0  printfstubs.o ABSOLUTE
    _printf_sizespec                         0x00000000   Number         0  printfstubs.o ABSOLUTE
    _printf_str                              0x00000000   Number         0  printfstubs.o ABSOLUTE
    _printf_truncate_signed                  0x00000000   Number         0  printfstubs.o ABSOLUTE
    _printf_truncate_unsigned                0x00000000   Number         0  printfstubs.o ABSOLUTE
    _printf_u                                0x00000000   Number         0  printfstubs.o ABSOLUTE
    _printf_wc                               0x00000000   Number         0  printfstubs.o ABSOLUTE
    _printf_wctomb                           0x00000000   Number         0  printfstubs.o ABSOLUTE
    _printf_widthprec                        0x00000000   Number         0  printfstubs.o ABSOLUTE
    _printf_x                                0x00000000   Number         0  printfstubs.o ABSOLUTE
    __cpp_initialize__aeabi_                  - Undefined Weak Reference
    __cxa_finalize                            - Undefined Weak Reference
    __decompress                              - Undefined Weak Reference
    _clock_init                               - Undefined Weak Reference
    _microlib_exit                            - Undefined Weak Reference
    __Vectors_Size                           0x000001ac   Number         0  startup_stm32f429xx.o ABSOLUTE
    __Vectors                                0x08000000   Data           4  startup_stm32f429xx.o(RESET)
    __Vectors_End                            0x080001ac   Data           0  startup_stm32f429xx.o(RESET)
    __main                                   0x080001ad   Thumb Code     0  entry.o(.ARM.Collect$$$$00000000)
    _main_stk                                0x080001ad   Thumb Code     0  entry2.o(.ARM.Collect$$$$00000001)
    _main_scatterload                        0x080001b1   Thumb Code     0  entry5.o(.ARM.Collect$$$$00000004)
    __main_after_scatterload                 0x080001b5   Thumb Code     0  entry5.o(.ARM.Collect$$$$00000004)
    _main_clock                              0x080001b5   Thumb Code     0  entry7b.o(.ARM.Collect$$$$00000008)
    _main_cpp_init                           0x080001b5   Thumb Code     0  entry8b.o(.ARM.Collect$$$$0000000A)
    _main_init                               0x080001b5   Thumb Code     0  entry9a.o(.ARM.Collect$$$$0000000B)
    __rt_final_cpp                           0x080001bd   Thumb Code     0  entry10a.o(.ARM.Collect$$$$0000000D)
    __rt_final_exit                          0x080001bd   Thumb Code     0  entry11a.o(.ARM.Collect$$$$0000000F)
    Reset_Handler                            0x080001c1   Thumb Code     8  startup_stm32f429xx.o(.text)
    CAN1_RX0_IRQHandler                      0x080001db   Thumb Code     0  startup_stm32f429xx.o(.text)
    CAN1_RX1_IRQHandler                      0x080001db   Thumb Code     0  startup_stm32f429xx.o(.text)
    CAN1_SCE_IRQHandler                      0x080001db   Thumb Code     0  startup_stm32f429xx.o(.text)
    CAN1_TX_IRQHandler                       0x080001db   Thumb Code     0  startup_stm32f429xx.o(.text)
    CAN2_RX0_IRQHandler                      0x080001db   Thumb Code     0  startup_stm32f429xx.o(.text)
    CAN2_RX1_IRQHandler                      0x080001db   Thumb Code     0  startup_stm32f429xx.o(.text)
    CAN2_SCE_IRQHandler                      0x080001db   Thumb Code     0  startup_stm32f429xx.o(.text)
    CAN2_TX_IRQHandler                       0x080001db   Thumb Code     0  startup_stm32f429xx.o(.text)
    DCMI_IRQHandler                          0x080001db   Thumb Code     0  startup_stm32f429xx.o(.text)
    DMA1_Stream0_IRQHandler                  0x080001db   Thumb Code     0  startup_stm32f429xx.o(.text)
    DMA1_Stream1_IRQHandler                  0x080001db   Thumb Code     0  startup_stm32f429xx.o(.text)
    DMA1_Stream2_IRQHandler                  0x080001db   Thumb Code     0  startup_stm32f429xx.o(.text)
    DMA1_Stream3_IRQHandler                  0x080001db   Thumb Code     0  startup_stm32f429xx.o(.text)
    DMA1_Stream4_IRQHandler                  0x080001db   Thumb Code     0  startup_stm32f429xx.o(.text)
    DMA1_Stream5_IRQHandler                  0x080001db   Thumb Code     0  startup_stm32f429xx.o(.text)
    DMA1_Stream6_IRQHandler                  0x080001db   Thumb Code     0  startup_stm32f429xx.o(.text)
    DMA1_Stream7_IRQHandler                  0x080001db   Thumb Code     0  startup_stm32f429xx.o(.text)
    DMA2D_IRQHandler                         0x080001db   Thumb Code     0  startup_stm32f429xx.o(.text)
    DMA2_Stream1_IRQHandler                  0x080001db   Thumb Code     0  startup_stm32f429xx.o(.text)
    DMA2_Stream2_IRQHandler                  0x080001db   Thumb Code     0  startup_stm32f429xx.o(.text)
    DMA2_Stream3_IRQHandler                  0x080001db   Thumb Code     0  startup_stm32f429xx.o(.text)
    DMA2_Stream4_IRQHandler                  0x080001db   Thumb Code     0  startup_stm32f429xx.o(.text)
    DMA2_Stream5_IRQHandler                  0x080001db   Thumb Code     0  startup_stm32f429xx.o(.text)
    DMA2_Stream6_IRQHandler                  0x080001db   Thumb Code     0  startup_stm32f429xx.o(.text)
    DMA2_Stream7_IRQHandler                  0x080001db   Thumb Code     0  startup_stm32f429xx.o(.text)
    ETH_IRQHandler                           0x080001db   Thumb Code     0  startup_stm32f429xx.o(.text)
    ETH_WKUP_IRQHandler                      0x080001db   Thumb Code     0  startup_stm32f429xx.o(.text)
    EXTI0_IRQHandler                         0x080001db   Thumb Code     0  startup_stm32f429xx.o(.text)
    EXTI15_10_IRQHandler                     0x080001db   Thumb Code     0  startup_stm32f429xx.o(.text)
    EXTI1_IRQHandler                         0x080001db   Thumb Code     0  startup_stm32f429xx.o(.text)
    EXTI2_IRQHandler                         0x080001db   Thumb Code     0  startup_stm32f429xx.o(.text)
    EXTI3_IRQHandler                         0x080001db   Thumb Code     0  startup_stm32f429xx.o(.text)
    EXTI4_IRQHandler                         0x080001db   Thumb Code     0  startup_stm32f429xx.o(.text)
    EXTI9_5_IRQHandler                       0x080001db   Thumb Code     0  startup_stm32f429xx.o(.text)
    FLASH_IRQHandler                         0x080001db   Thumb Code     0  startup_stm32f429xx.o(.text)
    FMC_IRQHandler                           0x080001db   Thumb Code     0  startup_stm32f429xx.o(.text)
    FPU_IRQHandler                           0x080001db   Thumb Code     0  startup_stm32f429xx.o(.text)
    HASH_RNG_IRQHandler                      0x080001db   Thumb Code     0  startup_stm32f429xx.o(.text)
    I2C1_ER_IRQHandler                       0x080001db   Thumb Code     0  startup_stm32f429xx.o(.text)
    I2C1_EV_IRQHandler                       0x080001db   Thumb Code     0  startup_stm32f429xx.o(.text)
    I2C2_ER_IRQHandler                       0x080001db   Thumb Code     0  startup_stm32f429xx.o(.text)
    I2C2_EV_IRQHandler                       0x080001db   Thumb Code     0  startup_stm32f429xx.o(.text)
    I2C3_ER_IRQHandler                       0x080001db   Thumb Code     0  startup_stm32f429xx.o(.text)
    I2C3_EV_IRQHandler                       0x080001db   Thumb Code     0  startup_stm32f429xx.o(.text)
    LTDC_ER_IRQHandler                       0x080001db   Thumb Code     0  startup_stm32f429xx.o(.text)
    LTDC_IRQHandler                          0x080001db   Thumb Code     0  startup_stm32f429xx.o(.text)
    OTG_FS_IRQHandler                        0x080001db   Thumb Code     0  startup_stm32f429xx.o(.text)
    OTG_FS_WKUP_IRQHandler                   0x080001db   Thumb Code     0  startup_stm32f429xx.o(.text)
    OTG_HS_EP1_IN_IRQHandler                 0x080001db   Thumb Code     0  startup_stm32f429xx.o(.text)
    OTG_HS_EP1_OUT_IRQHandler                0x080001db   Thumb Code     0  startup_stm32f429xx.o(.text)
    OTG_HS_IRQHandler                        0x080001db   Thumb Code     0  startup_stm32f429xx.o(.text)
    OTG_HS_WKUP_IRQHandler                   0x080001db   Thumb Code     0  startup_stm32f429xx.o(.text)
    PVD_IRQHandler                           0x080001db   Thumb Code     0  startup_stm32f429xx.o(.text)
    RCC_IRQHandler                           0x080001db   Thumb Code     0  startup_stm32f429xx.o(.text)
    RTC_Alarm_IRQHandler                     0x080001db   Thumb Code     0  startup_stm32f429xx.o(.text)
    RTC_WKUP_IRQHandler                      0x080001db   Thumb Code     0  startup_stm32f429xx.o(.text)
    SAI1_IRQHandler                          0x080001db   Thumb Code     0  startup_stm32f429xx.o(.text)
    SDIO_IRQHandler                          0x080001db   Thumb Code     0  startup_stm32f429xx.o(.text)
    SPI1_IRQHandler                          0x080001db   Thumb Code     0  startup_stm32f429xx.o(.text)
    SPI2_IRQHandler                          0x080001db   Thumb Code     0  startup_stm32f429xx.o(.text)
    SPI3_IRQHandler                          0x080001db   Thumb Code     0  startup_stm32f429xx.o(.text)
    SPI4_IRQHandler                          0x080001db   Thumb Code     0  startup_stm32f429xx.o(.text)
    SPI5_IRQHandler                          0x080001db   Thumb Code     0  startup_stm32f429xx.o(.text)
    SPI6_IRQHandler                          0x080001db   Thumb Code     0  startup_stm32f429xx.o(.text)
    TAMP_STAMP_IRQHandler                    0x080001db   Thumb Code     0  startup_stm32f429xx.o(.text)
    TIM1_BRK_TIM9_IRQHandler                 0x080001db   Thumb Code     0  startup_stm32f429xx.o(.text)
    TIM1_CC_IRQHandler                       0x080001db   Thumb Code     0  startup_stm32f429xx.o(.text)
    TIM1_TRG_COM_TIM11_IRQHandler            0x080001db   Thumb Code     0  startup_stm32f429xx.o(.text)
    TIM1_UP_TIM10_IRQHandler                 0x080001db   Thumb Code     0  startup_stm32f429xx.o(.text)
    TIM2_IRQHandler                          0x080001db   Thumb Code     0  startup_stm32f429xx.o(.text)
    TIM3_IRQHandler                          0x080001db   Thumb Code     0  startup_stm32f429xx.o(.text)
    TIM4_IRQHandler                          0x080001db   Thumb Code     0  startup_stm32f429xx.o(.text)
    TIM5_IRQHandler                          0x080001db   Thumb Code     0  startup_stm32f429xx.o(.text)
    TIM7_IRQHandler                          0x080001db   Thumb Code     0  startup_stm32f429xx.o(.text)
    TIM8_BRK_TIM12_IRQHandler                0x080001db   Thumb Code     0  startup_stm32f429xx.o(.text)
    TIM8_CC_IRQHandler                       0x080001db   Thumb Code     0  startup_stm32f429xx.o(.text)
    TIM8_TRG_COM_TIM14_IRQHandler            0x080001db   Thumb Code     0  startup_stm32f429xx.o(.text)
    TIM8_UP_TIM13_IRQHandler                 0x080001db   Thumb Code     0  startup_stm32f429xx.o(.text)
    UART4_IRQHandler                         0x080001db   Thumb Code     0  startup_stm32f429xx.o(.text)
    UART5_IRQHandler                         0x080001db   Thumb Code     0  startup_stm32f429xx.o(.text)
    UART7_IRQHandler                         0x080001db   Thumb Code     0  startup_stm32f429xx.o(.text)
    UART8_IRQHandler                         0x080001db   Thumb Code     0  startup_stm32f429xx.o(.text)
    USART2_IRQHandler                        0x080001db   Thumb Code     0  startup_stm32f429xx.o(.text)
    USART3_IRQHandler                        0x080001db   Thumb Code     0  startup_stm32f429xx.o(.text)
    USART6_IRQHandler                        0x080001db   Thumb Code     0  startup_stm32f429xx.o(.text)
    WWDG_IRQHandler                          0x080001db   Thumb Code     0  startup_stm32f429xx.o(.text)
    __aeabi_uldivmod                         0x080001e5   Thumb Code    98  uldiv.o(.text)
    __aeabi_memcpy                           0x08000247   Thumb Code    36  memcpya.o(.text)
    __aeabi_memcpy4                          0x08000247   Thumb Code     0  memcpya.o(.text)
    __aeabi_memcpy8                          0x08000247   Thumb Code     0  memcpya.o(.text)
    __aeabi_memset                           0x0800026b   Thumb Code    14  memseta.o(.text)
    __aeabi_memset4                          0x0800026b   Thumb Code     0  memseta.o(.text)
    __aeabi_memset8                          0x0800026b   Thumb Code     0  memseta.o(.text)
    __aeabi_memclr                           0x08000279   Thumb Code     4  memseta.o(.text)
    __aeabi_memclr4                          0x08000279   Thumb Code     0  memseta.o(.text)
    __aeabi_memclr8                          0x08000279   Thumb Code     0  memseta.o(.text)
    _memset$wrapper                          0x0800027d   Thumb Code    18  memseta.o(.text)
    strstr                                   0x0800028f   Thumb Code    36  strstr.o(.text)
    __aeabi_dadd                             0x080002b3   Thumb Code   322  dadd.o(.text)
    __aeabi_dsub                             0x080003f5   Thumb Code     6  dadd.o(.text)
    __aeabi_drsub                            0x080003fb   Thumb Code     6  dadd.o(.text)
    __aeabi_dmul                             0x08000401   Thumb Code   228  dmul.o(.text)
    __aeabi_ddiv                             0x080004e5   Thumb Code   222  ddiv.o(.text)
    __aeabi_ui2d                             0x080005c3   Thumb Code    26  dfltui.o(.text)
    __aeabi_f2d                              0x080005dd   Thumb Code    38  f2d.o(.text)
    __aeabi_d2f                              0x08000603   Thumb Code    56  d2f.o(.text)
    __aeabi_uidiv                            0x0800063b   Thumb Code     0  uidiv.o(.text)
    __aeabi_uidivmod                         0x0800063b   Thumb Code    44  uidiv.o(.text)
    __aeabi_llsl                             0x08000667   Thumb Code    30  llshl.o(.text)
    _ll_shift_l                              0x08000667   Thumb Code     0  llshl.o(.text)
    __aeabi_llsr                             0x08000685   Thumb Code    32  llushr.o(.text)
    _ll_ushift_r                             0x08000685   Thumb Code     0  llushr.o(.text)
    __aeabi_lasr                             0x080006a5   Thumb Code    36  llsshr.o(.text)
    _ll_sshift_r                             0x080006a5   Thumb Code     0  llsshr.o(.text)
    __I$use$fp                               0x080006c9   Thumb Code     0  iusefp.o(.text)
    _float_round                             0x080006c9   Thumb Code    18  fepilogue.o(.text)
    _float_epilogue                          0x080006db   Thumb Code    92  fepilogue.o(.text)
    _double_round                            0x08000737   Thumb Code    30  depilogue.o(.text)
    _double_epilogue                         0x08000755   Thumb Code   156  depilogue.o(.text)
    __aeabi_d2ulz                            0x080007f1   Thumb Code    48  dfixul.o(.text)
    __aeabi_cdrcmple                         0x08000821   Thumb Code    48  cdrcmple.o(.text)
    __scatterload                            0x08000851   Thumb Code    28  init.o(.text)
    __scatterload_rt2                        0x08000851   Thumb Code     0  init.o(.text)
    ADC_IRQHandler                           0x08000901   Thumb Code    12  stm32f4xx_it.o(.text.ADC_IRQHandler)
    BusFault_Handler                         0x0800090d   Thumb Code     2  stm32f4xx_it.o(.text.BusFault_Handler)
    DMA2_Stream0_IRQHandler                  0x08000911   Thumb Code    12  stm32f4xx_it.o(.text.DMA2_Stream0_IRQHandler)
    DebugMon_Handler                         0x0800091d   Thumb Code     2  stm32f4xx_it.o(.text.DebugMon_Handler)
    DrawAxis                                 0x08000921   Thumb Code   206  main.o(.text.DrawAxis)
    DrawWave                                 0x080009f1   Thumb Code   632  main.o(.text.DrawWave)
    Error_Handler                            0x08000c69   Thumb Code     2  main.o(.text.Error_Handler)
    GetHeartRate                             0x08000c71   Thumb Code   488  main.o(.text.GetHeartRate)
    HAL_ADCEx_InjectedConvCpltCallback       0x08000e9d   Thumb Code     2  stm32f4xx_hal_adc_ex.o(.text.HAL_ADCEx_InjectedConvCpltCallback)
    HAL_ADC_ConfigChannel                    0x08000ea1   Thumb Code   346  stm32f4xx_hal_adc.o(.text.HAL_ADC_ConfigChannel)
    HAL_ADC_ConvCpltCallback                 0x08000ffd   Thumb Code    90  main.o(.text.HAL_ADC_ConvCpltCallback)
    HAL_ADC_ConvHalfCpltCallback             0x08001059   Thumb Code     2  stm32f4xx_hal_adc.o(.text.HAL_ADC_ConvHalfCpltCallback)
    HAL_ADC_ErrorCallback                    0x0800105d   Thumb Code     2  stm32f4xx_hal_adc.o(.text.HAL_ADC_ErrorCallback)
    HAL_ADC_IRQHandler                       0x08001061   Thumb Code   326  stm32f4xx_hal_adc.o(.text.HAL_ADC_IRQHandler)
    HAL_ADC_Init                             0x080011a9   Thumb Code   350  stm32f4xx_hal_adc.o(.text.HAL_ADC_Init)
    HAL_ADC_LevelOutOfWindowCallback         0x08001309   Thumb Code     2  stm32f4xx_hal_adc.o(.text.HAL_ADC_LevelOutOfWindowCallback)
    HAL_ADC_MspInit                          0x0800130d   Thumb Code   194  adc.o(.text.HAL_ADC_MspInit)
    HAL_ADC_Start_DMA                        0x080013d1   Thumb Code   386  stm32f4xx_hal_adc.o(.text.HAL_ADC_Start_DMA)
    HAL_DMA_Abort_IT                         0x08001555   Thumb Code    36  stm32f4xx_hal_dma.o(.text.HAL_DMA_Abort_IT)
    HAL_DMA_IRQHandler                       0x08001579   Thumb Code   448  stm32f4xx_hal_dma.o(.text.HAL_DMA_IRQHandler)
    HAL_DMA_Init                             0x08001739   Thumb Code   354  stm32f4xx_hal_dma.o(.text.HAL_DMA_Init)
    HAL_DMA_Start_IT                         0x0800189d   Thumb Code   158  stm32f4xx_hal_dma.o(.text.HAL_DMA_Start_IT)
    HAL_Delay                                0x0800193d   Thumb Code    40  stm32f4xx_hal.o(.text.HAL_Delay)
    HAL_GPIO_Init                            0x08001965   Thumb Code   434  stm32f4xx_hal_gpio.o(.text.HAL_GPIO_Init)
    HAL_GPIO_ReadPin                         0x08001b19   Thumb Code    10  stm32f4xx_hal_gpio.o(.text.HAL_GPIO_ReadPin)
    HAL_GPIO_WritePin                        0x08001b25   Thumb Code    10  stm32f4xx_hal_gpio.o(.text.HAL_GPIO_WritePin)
    HAL_GetTick                              0x08001b31   Thumb Code    12  stm32f4xx_hal.o(.text.HAL_GetTick)
    HAL_IncTick                              0x08001b3d   Thumb Code    26  stm32f4xx_hal.o(.text.HAL_IncTick)
    HAL_Init                                 0x08001b59   Thumb Code    54  stm32f4xx_hal.o(.text.HAL_Init)
    HAL_InitTick                             0x08001b91   Thumb Code    72  stm32f4xx_hal.o(.text.HAL_InitTick)
    HAL_MspInit                              0x08001bd9   Thumb Code    56  stm32f4xx_hal_msp.o(.text.HAL_MspInit)
    HAL_NVIC_EnableIRQ                       0x08001c11   Thumb Code    32  stm32f4xx_hal_cortex.o(.text.HAL_NVIC_EnableIRQ)
    HAL_NVIC_SetPriority                     0x08001c31   Thumb Code    86  stm32f4xx_hal_cortex.o(.text.HAL_NVIC_SetPriority)
    HAL_NVIC_SetPriorityGrouping             0x08001c89   Thumb Code    32  stm32f4xx_hal_cortex.o(.text.HAL_NVIC_SetPriorityGrouping)
    HAL_PWREx_EnableOverDrive                0x08001ca9   Thumb Code   122  stm32f4xx_hal_pwr_ex.o(.text.HAL_PWREx_EnableOverDrive)
    HAL_RCC_ClockConfig                      0x08001d25   Thumb Code   352  stm32f4xx_hal_rcc.o(.text.HAL_RCC_ClockConfig)
    HAL_RCC_GetPCLK1Freq                     0x08001e85   Thumb Code    38  stm32f4xx_hal_rcc.o(.text.HAL_RCC_GetPCLK1Freq)
    HAL_RCC_GetPCLK2Freq                     0x08001ead   Thumb Code    38  stm32f4xx_hal_rcc.o(.text.HAL_RCC_GetPCLK2Freq)
    HAL_RCC_GetSysClockFreq                  0x08001ed5   Thumb Code   106  stm32f4xx_hal_rcc.o(.text.HAL_RCC_GetSysClockFreq)
    HAL_RCC_OscConfig                        0x08001f41   Thumb Code   868  stm32f4xx_hal_rcc.o(.text.HAL_RCC_OscConfig)
    HAL_SPI_Init                             0x080022a5   Thumb Code   116  stm32f4xx_hal_spi.o(.text.HAL_SPI_Init)
    HAL_SPI_MspInit                          0x08002319   Thumb Code   166  spi.o(.text.HAL_SPI_MspInit)
    HAL_SPI_Transmit                         0x080023c1   Thumb Code   454  stm32f4xx_hal_spi.o(.text.HAL_SPI_Transmit)
    HAL_SYSTICK_CLKSourceConfig              0x08002589   Thumb Code    24  stm32f4xx_hal_cortex.o(.text.HAL_SYSTICK_CLKSourceConfig)
    HAL_SYSTICK_Config                       0x080025a1   Thumb Code    44  stm32f4xx_hal_cortex.o(.text.HAL_SYSTICK_Config)
    HAL_TIMEx_BreakCallback                  0x080025cd   Thumb Code     2  stm32f4xx_hal_tim_ex.o(.text.HAL_TIMEx_BreakCallback)
    HAL_TIMEx_CommutCallback                 0x080025d1   Thumb Code     2  stm32f4xx_hal_tim_ex.o(.text.HAL_TIMEx_CommutCallback)
    HAL_TIMEx_MasterConfigSynchronization    0x080025d5   Thumb Code   182  stm32f4xx_hal_tim_ex.o(.text.HAL_TIMEx_MasterConfigSynchronization)
    HAL_TIM_Base_Init                        0x0800268d   Thumb Code    54  stm32f4xx_hal_tim.o(.text.HAL_TIM_Base_Init)
    HAL_TIM_Base_MspInit                     0x080026c5   Thumb Code   116  tim.o(.text.HAL_TIM_Base_MspInit)
    HAL_TIM_Base_Start                       0x08002739   Thumb Code    38  stm32f4xx_hal_tim.o(.text.HAL_TIM_Base_Start)
    HAL_TIM_Base_Start_IT                    0x08002761   Thumb Code    32  stm32f4xx_hal_tim.o(.text.HAL_TIM_Base_Start_IT)
    HAL_TIM_ConfigClockSource                0x08002781   Thumb Code   402  stm32f4xx_hal_tim.o(.text.HAL_TIM_ConfigClockSource)
    HAL_TIM_IC_CaptureCallback               0x08002915   Thumb Code     2  stm32f4xx_hal_tim.o(.text.HAL_TIM_IC_CaptureCallback)
    HAL_TIM_IRQHandler                       0x08002919   Thumb Code   368  stm32f4xx_hal_tim.o(.text.HAL_TIM_IRQHandler)
    HAL_TIM_OC_DelayElapsedCallback          0x08002a89   Thumb Code     2  stm32f4xx_hal_tim.o(.text.HAL_TIM_OC_DelayElapsedCallback)
    HAL_TIM_PWM_PulseFinishedCallback        0x08002a8d   Thumb Code     2  stm32f4xx_hal_tim.o(.text.HAL_TIM_PWM_PulseFinishedCallback)
    HAL_TIM_PeriodElapsedCallback            0x08002a91   Thumb Code     2  stm32f4xx_hal_tim.o(.text.HAL_TIM_PeriodElapsedCallback)
    HAL_TIM_TriggerCallback                  0x08002a95   Thumb Code     2  stm32f4xx_hal_tim.o(.text.HAL_TIM_TriggerCallback)
    HAL_UART_ErrorCallback                   0x08002a99   Thumb Code     2  stm32f4xx_hal_uart.o(.text.HAL_UART_ErrorCallback)
    HAL_UART_IRQHandler                      0x08002a9d   Thumb Code   630  stm32f4xx_hal_uart.o(.text.HAL_UART_IRQHandler)
    HAL_UART_Init                            0x08002d15   Thumb Code    94  stm32f4xx_hal_uart.o(.text.HAL_UART_Init)
    HAL_UART_MspInit                         0x08002d75   Thumb Code   124  usart.o(.text.HAL_UART_MspInit)
    HAL_UART_Receive_IT                      0x08002df1   Thumb Code    84  stm32f4xx_hal_uart.o(.text.HAL_UART_Receive_IT)
    HAL_UART_RxCpltCallback                  0x08002e45   Thumb Code    62  main.o(.text.HAL_UART_RxCpltCallback)
    HAL_UART_Transmit                        0x08002e85   Thumb Code   402  stm32f4xx_hal_uart.o(.text.HAL_UART_Transmit)
    HAL_UART_TxCpltCallback                  0x08003019   Thumb Code     2  stm32f4xx_hal_uart.o(.text.HAL_UART_TxCpltCallback)
    HardFault_Handler                        0x0800301d   Thumb Code     2  stm32f4xx_it.o(.text.HardFault_Handler)
    KEY1_RUN                                 0x08003021   Thumb Code   190  key.o(.text.KEY1_RUN)
    KEY2_RUN                                 0x080030e1   Thumb Code   190  key.o(.text.KEY2_RUN)
    LCD_Address_Set                          0x080031a1   Thumb Code   306  lcd_init.o(.text.LCD_Address_Set)
    LCD_DrawLine                             0x080032d5   Thumb Code   160  lcd.o(.text.LCD_DrawLine)
    LCD_Fill                                 0x08003375   Thumb Code    72  lcd.o(.text.LCD_Fill)
    LCD_Init                                 0x080033bd   Thumb Code  1586  lcd_init.o(.text.LCD_Init)
    LCD_ShowChar                             0x080039f1   Thumb Code  1014  lcd.o(.text.LCD_ShowChar)
    LCD_ShowFloatNum1                        0x08003de9   Thumb Code   344  lcd.o(.text.LCD_ShowFloatNum1)
    LCD_ShowString                           0x08003f41   Thumb Code    70  lcd.o(.text.LCD_ShowString)
    LCD_WR_DATA                              0x08003f89   Thumb Code    56  lcd_init.o(.text.LCD_WR_DATA)
    MX_ADC1_Init                             0x08003fc1   Thumb Code   110  adc.o(.text.MX_ADC1_Init)
    MX_DMA_Init                              0x08004031   Thumb Code    56  dma.o(.text.MX_DMA_Init)
    MX_GPIO_Init                             0x08004069   Thumb Code   194  gpio.o(.text.MX_GPIO_Init)
    MX_SPI5_Init                             0x0800412d   Thumb Code    76  spi.o(.text.MX_SPI5_Init)
    MX_TIM3_Init                             0x08004179   Thumb Code   122  tim.o(.text.MX_TIM3_Init)
    MX_TIM6_Init                             0x080041f5   Thumb Code    80  tim.o(.text.MX_TIM6_Init)
    MX_USART1_UART_Init                      0x08004245   Thumb Code    60  usart.o(.text.MX_USART1_UART_Init)
    MemManage_Handler                        0x08004281   Thumb Code     2  stm32f4xx_it.o(.text.MemManage_Handler)
    NMI_Handler                              0x08004285   Thumb Code     2  stm32f4xx_it.o(.text.NMI_Handler)
    PendSV_Handler                           0x08004289   Thumb Code     2  stm32f4xx_it.o(.text.PendSV_Handler)
    SVC_Handler                              0x080043ad   Thumb Code     2  stm32f4xx_it.o(.text.SVC_Handler)
    SysTick_Handler                          0x080043b1   Thumb Code     4  stm32f4xx_it.o(.text.SysTick_Handler)
    SystemInit                               0x080043b5   Thumb Code    26  system_stm32f4xx.o(.text.SystemInit)
    TIM6_DAC_IRQHandler                      0x080043d1   Thumb Code    38  stm32f4xx_it.o(.text.TIM6_DAC_IRQHandler)
    TIM_Base_SetConfig                       0x080043f9   Thumb Code   316  stm32f4xx_hal_tim.o(.text.TIM_Base_SetConfig)
    USART1_IRQHandler                        0x08004639   Thumb Code    12  stm32f4xx_it.o(.text.USART1_IRQHandler)
    UsageFault_Handler                       0x08004645   Thumb Code     2  stm32f4xx_it.o(.text.UsageFault_Handler)
    delay_init                               0x08004649   Thumb Code    22  delay.o(.text.delay_init)
    delay_ms                                 0x08004661   Thumb Code   470  delay.o(.text.delay_ms)
    fputc                                    0x08004839   Thumb Code    36  usart.o(.text.fputc)
    main                                     0x0800485d   Thumb Code  1492  main.o(.text.main)
    __0printf                                0x08004ed9   Thumb Code    22  printfa.o(i.__0printf)
    __1printf                                0x08004ed9   Thumb Code     0  printfa.o(i.__0printf)
    __2printf                                0x08004ed9   Thumb Code     0  printfa.o(i.__0printf)
    __c89printf                              0x08004ed9   Thumb Code     0  printfa.o(i.__0printf)
    printf                                   0x08004ed9   Thumb Code     0  printfa.o(i.__0printf)
    __scatterload_copy                       0x08004ef9   Thumb Code    14  handlers.o(i.__scatterload_copy)
    __scatterload_null                       0x08004f07   Thumb Code     2  handlers.o(i.__scatterload_null)
    __scatterload_zeroinit                   0x08004f09   Thumb Code    14  handlers.o(i.__scatterload_zeroinit)
    putchar                                  0x080057cd   Thumb Code     6  putchar.o(i.putchar)
    puts                                     0x080057d9   Thumb Code    30  puts.o(i.puts)
    AHBPrescTable                            0x080057fc   Data          16  system_stm32f4xx.o(.rodata.AHBPrescTable)
    APBPrescTable                            0x0800580c   Data           8  system_stm32f4xx.o(.rodata.APBPrescTable)
    ascii_1608                               0x08005814   Data        1520  lcd.o(.rodata.ascii_1608)
    ascii_3216                               0x08005e04   Data        6080  lcd.o(.rodata.ascii_3216)
    Region$$Table$$Base                      0x080077cc   Number         0  anon$$obj.o(Region$$Table)
    Region$$Table$$Limit                     0x080077ec   Number         0  anon$$obj.o(Region$$Table)
    __stdout                                 0x20000000   Data           4  stdout.o(.data)
    height_limit                             0x20000004   Data           4  main.o(.data..L_MergedGlobals)
    width_limit                              0x20000008   Data           4  main.o(.data..L_MergedGlobals)
    p_save_wave1                             0x2000000c   Data           4  main.o(.data..L_MergedGlobals)
    p_draw_wave1                             0x20000010   Data           4  main.o(.data..L_MergedGlobals)
    p_adc_wave1                              0x20000014   Data           4  main.o(.data..L_MergedGlobals)
    uwTickFreq                               0x20000018   Data           1  stm32f4xx_hal.o(.data..L_MergedGlobals)
    uwTickPrio                               0x2000001c   Data           4  stm32f4xx_hal.o(.data..L_MergedGlobals)
    SystemCoreClock                          0x20000020   Data           4  system_stm32f4xx.o(.data.SystemCoreClock)
    multi                                    0x20000024   Data           4  key.o(.data.multi)
    oled_spi                                 0x20000028   Data           4  lcd_init.o(.data.oled_spi)
    state1                                   0x20000030   Data           1  key.o(.bss..L_MergedGlobals)
    Cnt1                                     0x20000031   Data           1  key.o(.bss..L_MergedGlobals)
    state2                                   0x20000032   Data           1  key.o(.bss..L_MergedGlobals)
    Cnt2                                     0x20000033   Data           1  key.o(.bss..L_MergedGlobals)
    AdcConvEnd                               0x20000034   Data           1  main.o(.bss..L_MergedGlobals.45)
    Res                                      0x20000035   Data           1  main.o(.bss..L_MergedGlobals.45)
    Rxcouter                                 0x20000036   Data           1  main.o(.bss..L_MergedGlobals.45)
    stopbutton                               0x20000038   Data           2  main.o(.bss..L_MergedGlobals.45)
    cnt_for_send                             0x2000003a   Data           2  main.o(.bss..L_MergedGlobals.45)
    i_limite                                 0x2000003c   Data           2  main.o(.bss..L_MergedGlobals.45)
    strx                                     0x20000040   Data           4  main.o(.bss..L_MergedGlobals.45)
    RxBuffer                                 0x20000044   Data         200  main.o(.bss.RxBuffer)
    adc_data                                 0x2000010c   Data        6160  main.o(.bss.adc_data)
    hadc1                                    0x20001920   Data          72  adc.o(.bss.hadc1)
    hdma_adc1                                0x20001968   Data          96  adc.o(.bss.hdma_adc1)
    hspi5                                    0x200019c8   Data          88  spi.o(.bss.hspi5)
    htim3                                    0x20001a20   Data          64  tim.o(.bss.htim3)
    htim6                                    0x20001a60   Data          64  tim.o(.bss.htim6)
    huart1                                   0x20001aa0   Data          64  usart.o(.bss.huart1)
    send_data                                0x20001ae0   Data         308  main.o(.bss.send_data)
    uwTick                                   0x20001c14   Data           4  stm32f4xx_hal.o(.bss.uwTick)
    wave1_data1                              0x20001c18   Data        6160  main.o(.bss.wave1_data1)
    wave1_data2                              0x20003428   Data        6160  main.o(.bss.wave1_data2)
    wave1_data_old                           0x20004c38   Data         440  main.o(.bss.wave1_data_old)
    __initial_sp                             0x200051f0   Data           0  startup_stm32f429xx.o(STACK)



==============================================================================

Memory Map of the image

  Image Entry point : 0x080001ad

  Load Region LR_IROM1 (Base: 0x08000000, Size: 0x00007820, Max: 0x00100000, ABSOLUTE)

    Execution Region ER_IROM1 (Exec base: 0x08000000, Load base: 0x08000000, Size: 0x000077ec, Max: 0x00100000, ABSOLUTE)

    Exec Addr    Load Addr    Size         Type   Attr      Idx    E Section Name        Object

    0x08000000   0x08000000   0x000001ac   Data   RO            3    RESET               startup_stm32f429xx.o
    0x080001ac   0x080001ac   0x00000000   Code   RO         3068  * .ARM.Collect$$$$00000000  mc_w.l(entry.o)
    0x080001ac   0x080001ac   0x00000004   Code   RO         3405    .ARM.Collect$$$$00000001  mc_w.l(entry2.o)
    0x080001b0   0x080001b0   0x00000004   Code   RO         3408    .ARM.Collect$$$$00000004  mc_w.l(entry5.o)
    0x080001b4   0x080001b4   0x00000000   Code   RO         3410    .ARM.Collect$$$$00000008  mc_w.l(entry7b.o)
    0x080001b4   0x080001b4   0x00000000   Code   RO         3412    .ARM.Collect$$$$0000000A  mc_w.l(entry8b.o)
    0x080001b4   0x080001b4   0x00000008   Code   RO         3413    .ARM.Collect$$$$0000000B  mc_w.l(entry9a.o)
    0x080001bc   0x080001bc   0x00000000   Code   RO         3415    .ARM.Collect$$$$0000000D  mc_w.l(entry10a.o)
    0x080001bc   0x080001bc   0x00000000   Code   RO         3417    .ARM.Collect$$$$0000000F  mc_w.l(entry11a.o)
    0x080001bc   0x080001bc   0x00000004   Code   RO         3406    .ARM.Collect$$$$00002712  mc_w.l(entry2.o)
    0x080001c0   0x080001c0   0x00000024   Code   RO            4    .text               startup_stm32f429xx.o
    0x080001e4   0x080001e4   0x00000062   Code   RO         3077    .text               mc_w.l(uldiv.o)
    0x08000246   0x08000246   0x00000024   Code   RO         3081    .text               mc_w.l(memcpya.o)
    0x0800026a   0x0800026a   0x00000024   Code   RO         3083    .text               mc_w.l(memseta.o)
    0x0800028e   0x0800028e   0x00000024   Code   RO         3085    .text               mc_w.l(strstr.o)
    0x080002b2   0x080002b2   0x0000014e   Code   RO         3350    .text               mf_w.l(dadd.o)
    0x08000400   0x08000400   0x000000e4   Code   RO         3352    .text               mf_w.l(dmul.o)
    0x080004e4   0x080004e4   0x000000de   Code   RO         3354    .text               mf_w.l(ddiv.o)
    0x080005c2   0x080005c2   0x0000001a   Code   RO         3364    .text               mf_w.l(dfltui.o)
    0x080005dc   0x080005dc   0x00000026   Code   RO         3366    .text               mf_w.l(f2d.o)
    0x08000602   0x08000602   0x00000038   Code   RO         3368    .text               mf_w.l(d2f.o)
    0x0800063a   0x0800063a   0x0000002c   Code   RO         3429    .text               mc_w.l(uidiv.o)
    0x08000666   0x08000666   0x0000001e   Code   RO         3431    .text               mc_w.l(llshl.o)
    0x08000684   0x08000684   0x00000020   Code   RO         3433    .text               mc_w.l(llushr.o)
    0x080006a4   0x080006a4   0x00000024   Code   RO         3435    .text               mc_w.l(llsshr.o)
    0x080006c8   0x080006c8   0x00000000   Code   RO         3444    .text               mc_w.l(iusefp.o)
    0x080006c8   0x080006c8   0x0000006e   Code   RO         3445    .text               mf_w.l(fepilogue.o)
    0x08000736   0x08000736   0x000000ba   Code   RO         3447    .text               mf_w.l(depilogue.o)
    0x080007f0   0x080007f0   0x00000030   Code   RO         3457    .text               mf_w.l(dfixul.o)
    0x08000820   0x08000820   0x00000030   Code   RO         3461    .text               mf_w.l(cdrcmple.o)
    0x08000850   0x08000850   0x00000024   Code   RO         3465    .text               mc_w.l(init.o)
    0x08000874   0x08000874   0x0000006e   Code   RO          329    .text.ADC_DMAConvCplt  stm32f4xx_hal_adc.o
    0x080008e2   0x080008e2   0x00000002   PAD
    0x080008e4   0x080008e4   0x00000012   Code   RO          333    .text.ADC_DMAError  stm32f4xx_hal_adc.o
    0x080008f6   0x080008f6   0x00000002   PAD
    0x080008f8   0x080008f8   0x00000006   Code   RO          331    .text.ADC_DMAHalfConvCplt  stm32f4xx_hal_adc.o
    0x080008fe   0x080008fe   0x00000002   PAD
    0x08000900   0x08000900   0x0000000c   Code   RO          168    .text.ADC_IRQHandler  stm32f4xx_it.o
    0x0800090c   0x0800090c   0x00000002   Code   RO          156    .text.BusFault_Handler  stm32f4xx_it.o
    0x0800090e   0x0800090e   0x00000002   PAD
    0x08000910   0x08000910   0x0000000c   Code   RO          174    .text.DMA2_Stream0_IRQHandler  stm32f4xx_it.o
    0x0800091c   0x0800091c   0x00000002   Code   RO          162    .text.DebugMon_Handler  stm32f4xx_it.o
    0x0800091e   0x0800091e   0x00000002   PAD
    0x08000920   0x08000920   0x000000ce   Code   RO           27    .text.DrawAxis      main.o
    0x080009ee   0x080009ee   0x00000002   PAD
    0x080009f0   0x080009f0   0x00000278   Code   RO           21    .text.DrawWave      main.o
    0x08000c68   0x08000c68   0x00000002   Code   RO           23    .text.Error_Handler  main.o
    0x08000c6a   0x08000c6a   0x00000006   PAD
    0x08000c70   0x08000c70   0x0000022c   Code   RO           19    .text.GetHeartRate  main.o
    0x08000e9c   0x08000e9c   0x00000002   Code   RO          381    .text.HAL_ADCEx_InjectedConvCpltCallback  stm32f4xx_hal_adc_ex.o
    0x08000e9e   0x08000e9e   0x00000002   PAD
    0x08000ea0   0x08000ea0   0x0000015a   Code   RO          341    .text.HAL_ADC_ConfigChannel  stm32f4xx_hal_adc.o
    0x08000ffa   0x08000ffa   0x00000002   PAD
    0x08000ffc   0x08000ffc   0x0000005a   Code   RO           33    .text.HAL_ADC_ConvCpltCallback  main.o
    0x08001056   0x08001056   0x00000002   PAD
    0x08001058   0x08001058   0x00000002   Code   RO          339    .text.HAL_ADC_ConvHalfCpltCallback  stm32f4xx_hal_adc.o
    0x0800105a   0x0800105a   0x00000002   PAD
    0x0800105c   0x0800105c   0x00000002   Code   RO          325    .text.HAL_ADC_ErrorCallback  stm32f4xx_hal_adc.o
    0x0800105e   0x0800105e   0x00000002   PAD
    0x08001060   0x08001060   0x00000146   Code   RO          319    .text.HAL_ADC_IRQHandler  stm32f4xx_hal_adc.o
    0x080011a6   0x080011a6   0x00000002   PAD
    0x080011a8   0x080011a8   0x0000015e   Code   RO          299    .text.HAL_ADC_Init  stm32f4xx_hal_adc.o
    0x08001306   0x08001306   0x00000002   PAD
    0x08001308   0x08001308   0x00000002   Code   RO          323    .text.HAL_ADC_LevelOutOfWindowCallback  stm32f4xx_hal_adc.o
    0x0800130a   0x0800130a   0x00000002   PAD
    0x0800130c   0x0800130c   0x000000c2   Code   RO           77    .text.HAL_ADC_MspInit  adc.o
    0x080013ce   0x080013ce   0x00000002   PAD
    0x080013d0   0x080013d0   0x00000182   Code   RO          327    .text.HAL_ADC_Start_DMA  stm32f4xx_hal_adc.o
    0x08001552   0x08001552   0x00000002   PAD
    0x08001554   0x08001554   0x00000024   Code   RO          567    .text.HAL_DMA_Abort_IT  stm32f4xx_hal_dma.o
    0x08001578   0x08001578   0x000001c0   Code   RO          571    .text.HAL_DMA_IRQHandler  stm32f4xx_hal_dma.o
    0x08001738   0x08001738   0x00000162   Code   RO          557    .text.HAL_DMA_Init  stm32f4xx_hal_dma.o
    0x0800189a   0x0800189a   0x00000002   PAD
    0x0800189c   0x0800189c   0x0000009e   Code   RO          563    .text.HAL_DMA_Start_IT  stm32f4xx_hal_dma.o
    0x0800193a   0x0800193a   0x00000002   PAD
    0x0800193c   0x0800193c   0x00000028   Code   RO          724    .text.HAL_Delay     stm32f4xx_hal.o
    0x08001964   0x08001964   0x000001b2   Code   RO          519    .text.HAL_GPIO_Init  stm32f4xx_hal_gpio.o
    0x08001b16   0x08001b16   0x00000002   PAD
    0x08001b18   0x08001b18   0x0000000a   Code   RO          523    .text.HAL_GPIO_ReadPin  stm32f4xx_hal_gpio.o
    0x08001b22   0x08001b22   0x00000002   PAD
    0x08001b24   0x08001b24   0x0000000a   Code   RO          525    .text.HAL_GPIO_WritePin  stm32f4xx_hal_gpio.o
    0x08001b2e   0x08001b2e   0x00000002   PAD
    0x08001b30   0x08001b30   0x0000000c   Code   RO          716    .text.HAL_GetTick   stm32f4xx_hal.o
    0x08001b3c   0x08001b3c   0x0000001a   Code   RO          714    .text.HAL_IncTick   stm32f4xx_hal.o
    0x08001b56   0x08001b56   0x00000002   PAD
    0x08001b58   0x08001b58   0x00000036   Code   RO          704    .text.HAL_Init      stm32f4xx_hal.o
    0x08001b8e   0x08001b8e   0x00000002   PAD
    0x08001b90   0x08001b90   0x00000048   Code   RO          706    .text.HAL_InitTick  stm32f4xx_hal.o
    0x08001bd8   0x08001bd8   0x00000038   Code   RO          183    .text.HAL_MspInit   stm32f4xx_hal_msp.o
    0x08001c10   0x08001c10   0x00000020   Code   RO          662    .text.HAL_NVIC_EnableIRQ  stm32f4xx_hal_cortex.o
    0x08001c30   0x08001c30   0x00000056   Code   RO          660    .text.HAL_NVIC_SetPriority  stm32f4xx_hal_cortex.o
    0x08001c86   0x08001c86   0x00000002   PAD
    0x08001c88   0x08001c88   0x00000020   Code   RO          658    .text.HAL_NVIC_SetPriorityGrouping  stm32f4xx_hal_cortex.o
    0x08001ca8   0x08001ca8   0x0000007a   Code   RO          644    .text.HAL_PWREx_EnableOverDrive  stm32f4xx_hal_pwr_ex.o
    0x08001d22   0x08001d22   0x00000002   PAD
    0x08001d24   0x08001d24   0x00000160   Code   RO          399    .text.HAL_RCC_ClockConfig  stm32f4xx_hal_rcc.o
    0x08001e84   0x08001e84   0x00000026   Code   RO          411    .text.HAL_RCC_GetPCLK1Freq  stm32f4xx_hal_rcc.o
    0x08001eaa   0x08001eaa   0x00000002   PAD
    0x08001eac   0x08001eac   0x00000026   Code   RO          413    .text.HAL_RCC_GetPCLK2Freq  stm32f4xx_hal_rcc.o
    0x08001ed2   0x08001ed2   0x00000002   PAD
    0x08001ed4   0x08001ed4   0x0000006a   Code   RO          401    .text.HAL_RCC_GetSysClockFreq  stm32f4xx_hal_rcc.o
    0x08001f3e   0x08001f3e   0x00000002   PAD
    0x08001f40   0x08001f40   0x00000364   Code   RO          397    .text.HAL_RCC_OscConfig  stm32f4xx_hal_rcc.o
    0x080022a4   0x080022a4   0x00000074   Code   RO          798    .text.HAL_SPI_Init  stm32f4xx_hal_spi.o
    0x08002318   0x08002318   0x000000a6   Code   RO          102    .text.HAL_SPI_MspInit  spi.o
    0x080023be   0x080023be   0x00000002   PAD
    0x080023c0   0x080023c0   0x000001c6   Code   RO          806    .text.HAL_SPI_Transmit  stm32f4xx_hal_spi.o
    0x08002586   0x08002586   0x00000002   PAD
    0x08002588   0x08002588   0x00000018   Code   RO          690    .text.HAL_SYSTICK_CLKSourceConfig  stm32f4xx_hal_cortex.o
    0x080025a0   0x080025a0   0x0000002c   Code   RO          670    .text.HAL_SYSTICK_Config  stm32f4xx_hal_cortex.o
    0x080025cc   0x080025cc   0x00000002   Code   RO         1202    .text.HAL_TIMEx_BreakCallback  stm32f4xx_hal_tim_ex.o
    0x080025ce   0x080025ce   0x00000002   PAD
    0x080025d0   0x080025d0   0x00000002   Code   RO         1198    .text.HAL_TIMEx_CommutCallback  stm32f4xx_hal_tim_ex.o
    0x080025d2   0x080025d2   0x00000002   PAD
    0x080025d4   0x080025d4   0x000000b6   Code   RO         1192    .text.HAL_TIMEx_MasterConfigSynchronization  stm32f4xx_hal_tim_ex.o
    0x0800268a   0x0800268a   0x00000002   PAD
    0x0800268c   0x0800268c   0x00000036   Code   RO          912    .text.HAL_TIM_Base_Init  stm32f4xx_hal_tim.o
    0x080026c2   0x080026c2   0x00000002   PAD
    0x080026c4   0x080026c4   0x00000074   Code   RO          119    .text.HAL_TIM_Base_MspInit  tim.o
    0x08002738   0x08002738   0x00000026   Code   RO          922    .text.HAL_TIM_Base_Start  stm32f4xx_hal_tim.o
    0x0800275e   0x0800275e   0x00000002   PAD
    0x08002760   0x08002760   0x00000020   Code   RO          926    .text.HAL_TIM_Base_Start_IT  stm32f4xx_hal_tim.o
    0x08002780   0x08002780   0x00000192   Code   RO         1088    .text.HAL_TIM_ConfigClockSource  stm32f4xx_hal_tim.o
    0x08002912   0x08002912   0x00000002   PAD
    0x08002914   0x08002914   0x00000002   Code   RO         1048    .text.HAL_TIM_IC_CaptureCallback  stm32f4xx_hal_tim.o
    0x08002916   0x08002916   0x00000002   PAD
    0x08002918   0x08002918   0x00000170   Code   RO         1046    .text.HAL_TIM_IRQHandler  stm32f4xx_hal_tim.o
    0x08002a88   0x08002a88   0x00000002   Code   RO         1050    .text.HAL_TIM_OC_DelayElapsedCallback  stm32f4xx_hal_tim.o
    0x08002a8a   0x08002a8a   0x00000002   PAD
    0x08002a8c   0x08002a8c   0x00000002   Code   RO         1052    .text.HAL_TIM_PWM_PulseFinishedCallback  stm32f4xx_hal_tim.o
    0x08002a8e   0x08002a8e   0x00000002   PAD
    0x08002a90   0x08002a90   0x00000002   Code   RO         1054    .text.HAL_TIM_PeriodElapsedCallback  stm32f4xx_hal_tim.o
    0x08002a92   0x08002a92   0x00000002   PAD
    0x08002a94   0x08002a94   0x00000002   Code   RO         1056    .text.HAL_TIM_TriggerCallback  stm32f4xx_hal_tim.o
    0x08002a96   0x08002a96   0x00000002   PAD
    0x08002a98   0x08002a98   0x00000002   Code   RO         1288    .text.HAL_UART_ErrorCallback  stm32f4xx_hal_uart.o
    0x08002a9a   0x08002a9a   0x00000002   PAD
    0x08002a9c   0x08002a9c   0x00000276   Code   RO         1284    .text.HAL_UART_IRQHandler  stm32f4xx_hal_uart.o
    0x08002d12   0x08002d12   0x00000002   PAD
    0x08002d14   0x08002d14   0x0000005e   Code   RO         1214    .text.HAL_UART_Init  stm32f4xx_hal_uart.o
    0x08002d72   0x08002d72   0x00000002   PAD
    0x08002d74   0x08002d74   0x0000007c   Code   RO          137    .text.HAL_UART_MspInit  usart.o
    0x08002df0   0x08002df0   0x00000054   Code   RO         1236    .text.HAL_UART_Receive_IT  stm32f4xx_hal_uart.o
    0x08002e44   0x08002e44   0x0000003e   Code   RO           11    .text.HAL_UART_RxCpltCallback  main.o
    0x08002e82   0x08002e82   0x00000002   PAD
    0x08002e84   0x08002e84   0x00000192   Code   RO         1230    .text.HAL_UART_Transmit  stm32f4xx_hal_uart.o
    0x08003016   0x08003016   0x00000002   PAD
    0x08003018   0x08003018   0x00000002   Code   RO         1290    .text.HAL_UART_TxCpltCallback  stm32f4xx_hal_uart.o
    0x0800301a   0x0800301a   0x00000002   PAD
    0x0800301c   0x0800301c   0x00000002   Code   RO          152    .text.HardFault_Handler  stm32f4xx_it.o
    0x0800301e   0x0800301e   0x00000002   PAD
    0x08003020   0x08003020   0x000000be   Code   RO          285    .text.KEY1_RUN      key.o
    0x080030de   0x080030de   0x00000002   PAD
    0x080030e0   0x080030e0   0x000000be   Code   RO          287    .text.KEY2_RUN      key.o
    0x0800319e   0x0800319e   0x00000002   PAD
    0x080031a0   0x080031a0   0x00000132   Code   RO          272    .text.LCD_Address_Set  lcd_init.o
    0x080032d2   0x080032d2   0x00000002   PAD
    0x080032d4   0x080032d4   0x000000a0   Code   RO          225    .text.LCD_DrawLine  lcd.o
    0x08003374   0x08003374   0x00000048   Code   RO          221    .text.LCD_Fill      lcd.o
    0x080033bc   0x080033bc   0x00000632   Code   RO          274    .text.LCD_Init      lcd_init.o
    0x080039ee   0x080039ee   0x00000002   PAD
    0x080039f0   0x080039f0   0x000003f6   Code   RO          239    .text.LCD_ShowChar  lcd.o
    0x08003de6   0x08003de6   0x00000002   PAD
    0x08003de8   0x08003de8   0x00000158   Code   RO          247    .text.LCD_ShowFloatNum1  lcd.o
    0x08003f40   0x08003f40   0x00000046   Code   RO          241    .text.LCD_ShowString  lcd.o
    0x08003f86   0x08003f86   0x00000002   PAD
    0x08003f88   0x08003f88   0x00000038   Code   RO          268    .text.LCD_WR_DATA   lcd_init.o
    0x08003fc0   0x08003fc0   0x0000006e   Code   RO           75    .text.MX_ADC1_Init  adc.o
    0x0800402e   0x0800402e   0x00000002   PAD
    0x08004030   0x08004030   0x00000038   Code   RO           91    .text.MX_DMA_Init   dma.o
    0x08004068   0x08004068   0x000000c2   Code   RO           66    .text.MX_GPIO_Init  gpio.o
    0x0800412a   0x0800412a   0x00000002   PAD
    0x0800412c   0x0800412c   0x0000004c   Code   RO          100    .text.MX_SPI5_Init  spi.o
    0x08004178   0x08004178   0x0000007a   Code   RO          115    .text.MX_TIM3_Init  tim.o
    0x080041f2   0x080041f2   0x00000002   PAD
    0x080041f4   0x080041f4   0x00000050   Code   RO          117    .text.MX_TIM6_Init  tim.o
    0x08004244   0x08004244   0x0000003c   Code   RO          135    .text.MX_USART1_UART_Init  usart.o
    0x08004280   0x08004280   0x00000002   Code   RO          154    .text.MemManage_Handler  stm32f4xx_it.o
    0x08004282   0x08004282   0x00000002   PAD
    0x08004284   0x08004284   0x00000002   Code   RO          150    .text.NMI_Handler   stm32f4xx_it.o
    0x08004286   0x08004286   0x00000002   PAD
    0x08004288   0x08004288   0x00000002   Code   RO          164    .text.PendSV_Handler  stm32f4xx_it.o
    0x0800428a   0x0800428a   0x00000002   PAD
    0x0800428c   0x0800428c   0x00000120   Code   RO          808    .text.SPI_EndRxTxTransaction  stm32f4xx_hal_spi.o
    0x080043ac   0x080043ac   0x00000002   Code   RO          160    .text.SVC_Handler   stm32f4xx_it.o
    0x080043ae   0x080043ae   0x00000002   PAD
    0x080043b0   0x080043b0   0x00000004   Code   RO          166    .text.SysTick_Handler  stm32f4xx_it.o
    0x080043b4   0x080043b4   0x0000001a   Code   RO          191    .text.SystemInit    system_stm32f4xx.o
    0x080043ce   0x080043ce   0x00000002   PAD
    0x080043d0   0x080043d0   0x00000026   Code   RO          172    .text.TIM6_DAC_IRQHandler  stm32f4xx_it.o
    0x080043f6   0x080043f6   0x00000002   PAD
    0x080043f8   0x080043f8   0x0000013c   Code   RO          916    .text.TIM_Base_SetConfig  stm32f4xx_hal_tim.o
    0x08004534   0x08004534   0x0000000c   Code   RO         1286    .text.UART_DMAAbortOnError  stm32f4xx_hal_uart.o
    0x08004540   0x08004540   0x000000f6   Code   RO         1218    .text.UART_SetConfig  stm32f4xx_hal_uart.o
    0x08004636   0x08004636   0x00000002   PAD
    0x08004638   0x08004638   0x0000000c   Code   RO          170    .text.USART1_IRQHandler  stm32f4xx_it.o
    0x08004644   0x08004644   0x00000002   Code   RO          158    .text.UsageFault_Handler  stm32f4xx_it.o
    0x08004646   0x08004646   0x00000002   PAD
    0x08004648   0x08004648   0x00000016   Code   RO          206    .text.delay_init    delay.o
    0x0800465e   0x0800465e   0x00000002   PAD
    0x08004660   0x08004660   0x000001d6   Code   RO          210    .text.delay_ms      delay.o
    0x08004836   0x08004836   0x00000002   PAD
    0x08004838   0x08004838   0x00000024   Code   RO          133    .text.fputc         usart.o
    0x0800485c   0x0800485c   0x0000067c   Code   RO           15    .text.main          main.o
    0x08004ed8   0x08004ed8   0x00000020   Code   RO         3322    i.__0printf         mc_w.l(printfa.o)
    0x08004ef8   0x08004ef8   0x0000000e   Code   RO         3469    i.__scatterload_copy  mc_w.l(handlers.o)
    0x08004f06   0x08004f06   0x00000002   Code   RO         3470    i.__scatterload_null  mc_w.l(handlers.o)
    0x08004f08   0x08004f08   0x0000000e   Code   RO         3471    i.__scatterload_zeroinit  mc_w.l(handlers.o)
    0x08004f16   0x08004f16   0x00000002   PAD
    0x08004f18   0x08004f18   0x00000184   Code   RO         3329    i._fp_digits        mc_w.l(printfa.o)
    0x0800509c   0x0800509c   0x000006dc   Code   RO         3330    i._printf_core      mc_w.l(printfa.o)
    0x08005778   0x08005778   0x00000024   Code   RO         3331    i._printf_post_padding  mc_w.l(printfa.o)
    0x0800579c   0x0800579c   0x0000002e   Code   RO         3332    i._printf_pre_padding  mc_w.l(printfa.o)
    0x080057ca   0x080057ca   0x00000002   PAD
    0x080057cc   0x080057cc   0x0000000c   Code   RO         3073    i.putchar           mc_w.l(putchar.o)
    0x080057d8   0x080057d8   0x00000024   Code   RO         3071    i.puts              mc_w.l(puts.o)
    0x080057fc   0x080057fc   0x00000010   Data   RO          196    .rodata.AHBPrescTable  system_stm32f4xx.o
    0x0800580c   0x0800580c   0x00000008   Data   RO          197    .rodata.APBPrescTable  system_stm32f4xx.o
    0x08005814   0x08005814   0x000005f0   Data   RO          251    .rodata.ascii_1608  lcd.o
    0x08005e04   0x08005e04   0x000017c0   Data   RO          252    .rodata.ascii_3216  lcd.o
    0x080075c4   0x080075c4   0x00000008   Data   RO          581    .rodata.cst8        stm32f4xx_hal_dma.o
    0x080075cc   0x080075cc   0x00000200   Data   RO           50    .rodata.str1.1      main.o
    0x080077cc   0x080077cc   0x00000020   Data   RO         3468    Region$$Table       anon$$obj.o


    Execution Region RW_IRAM2 (Exec base: 0x10000000, Load base: 0x08007820, Size: 0x00000000, Max: 0x00010000, ABSOLUTE)

    **** No section assigned to this execution region ****


    Execution Region RW_IRAM1 (Exec base: 0x20000000, Load base: 0x080077f0, Size: 0x000051f0, Max: 0x00030000, ABSOLUTE)

    Exec Addr    Load Addr    Size         Type   Attr      Idx    E Section Name        Object

    0x20000000   0x080077f0   0x00000004   Data   RW         3419    .data               mc_w.l(stdout.o)
    0x20000004   0x080077f4   0x00000014   Data   RW           56    .data..L_MergedGlobals  main.o
    0x20000018   0x08007808   0x00000008   Data   RW          763    .data..L_MergedGlobals  stm32f4xx_hal.o
    0x20000020   0x08007810   0x00000004   Data   RW          195    .data.SystemCoreClock  system_stm32f4xx.o
    0x20000024   0x08007814   0x00000004   Data   RW          289    .data.multi         key.o
    0x20000028   0x08007818   0x00000004   Data   RW          276    .data.oled_spi      lcd_init.o
    0x2000002c   0x0800781c   0x00000004   PAD
    0x20000030        -       0x00000004   Zero   RW          290    .bss..L_MergedGlobals  key.o
    0x20000034        -       0x00000010   Zero   RW           57    .bss..L_MergedGlobals.45  main.o
    0x20000044        -       0x000000c8   Zero   RW           49    .bss.RxBuffer       main.o
    0x2000010c        -       0x00001810   Zero   RW           45    .bss.adc_data       main.o
    0x2000191c        -       0x00000004   Zero   RW          212    .bss.fac_us         delay.o
    0x20001920        -       0x00000048   Zero   RW           81    .bss.hadc1          adc.o
    0x20001968        -       0x00000060   Zero   RW           82    .bss.hdma_adc1      adc.o
    0x200019c8        -       0x00000058   Zero   RW          106    .bss.hspi5          spi.o
    0x20001a20        -       0x00000040   Zero   RW          123    .bss.htim3          tim.o
    0x20001a60        -       0x00000040   Zero   RW          124    .bss.htim6          tim.o
    0x20001aa0        -       0x00000040   Zero   RW          141    .bss.huart1         usart.o
    0x20001ae0        -       0x00000134   Zero   RW           46    .bss.send_data      main.o
    0x20001c14        -       0x00000004   Zero   RW          762    .bss.uwTick         stm32f4xx_hal.o
    0x20001c18        -       0x00001810   Zero   RW           43    .bss.wave1_data1    main.o
    0x20003428        -       0x00001810   Zero   RW           44    .bss.wave1_data2    main.o
    0x20004c38        -       0x000001b8   Zero   RW           47    .bss.wave1_data_old  main.o
    0x20004df0        -       0x00000400   Zero   RW            1    STACK               startup_stm32f429xx.o


==============================================================================

Image component sizes


      Code (inc. data)   RO Data    RW Data    ZI Data      Debug   Object Name

       304          0          0          0        168       7190   adc.o
       492          0          0          0          4       3223   delay.o
        56          0          0          0          0       3651   dma.o
       194          0          0          0          0       2228   gpio.o
       380         16          0          4          4       2085   key.o
      1660          4       7600          0          0      21073   lcd.o
      1948          0          0          4          0      12890   lcd_init.o
      3208        252        512         20      19444      16130   main.o
       242          0          0          0         88       5125   spi.o
        36          8        428          0       1024        828   startup_stm32f429xx.o
       204          0          0          8          4       7685   stm32f4xx_hal.o
      1548          0          0          0          0      10976   stm32f4xx_hal_adc.o
         2          0          0          0          0       9392   stm32f4xx_hal_adc_ex.o
       218          0          0          0          0      10645   stm32f4xx_hal_cortex.o
       996          6          8          0          0      10551   stm32f4xx_hal_dma.o
       454          0          0          0          0       5278   stm32f4xx_hal_gpio.o
        56          0          0          0          0       1481   stm32f4xx_hal_msp.o
       122          0          0          0          0       4573   stm32f4xx_hal_pwr_ex.o
      1402          0          0          0          0       7377   stm32f4xx_hal_rcc.o
       858          0          0          0          0      24922   stm32f4xx_hal_spi.o
      1220          0          0          0          0      48075   stm32f4xx_hal_tim.o
       186          0          0          0          0      17204   stm32f4xx_hal_tim_ex.o
      1472          0          0          0          0      19301   stm32f4xx_hal_uart.o
        94          0          0          0          0       6442   stm32f4xx_it.o
        26          0         24          4          0       2659   system_stm32f4xx.o
       318          0          0          0        128       7243   tim.o
       220          0          0          0         64       7501   usart.o

    ----------------------------------------------------------------------
     18056        286       8604         40      20932     275728   Object Totals
         0          0         32          0          0          0   (incl. Generated)
       140          0          0          0          4          0   (incl. Padding)

    ----------------------------------------------------------------------

      Code (inc. data)   RO Data    RW Data    ZI Data      Debug   Library Member Name

         0          0          0          0          0          0   entry.o
         0          0          0          0          0          0   entry10a.o
         0          0          0          0          0          0   entry11a.o
         8          4          0          0          0          0   entry2.o
         4          0          0          0          0          0   entry5.o
         0          0          0          0          0          0   entry7b.o
         0          0          0          0          0          0   entry8b.o
         8          4          0          0          0          0   entry9a.o
        30          0          0          0          0          0   handlers.o
        36          8          0          0          0         68   init.o
         0          0          0          0          0          0   iusefp.o
        30          0          0          0          0         68   llshl.o
        36          0          0          0          0         68   llsshr.o
        32          0          0          0          0         68   llushr.o
        36          0          0          0          0         68   memcpya.o
        36          0          0          0          0        108   memseta.o
      2258         90          0          0          0        452   printfa.o
        12          6          0          0          0         68   putchar.o
        36          6          0          0          0         80   puts.o
         0          0          0          4          0          0   stdout.o
        36          0          0          0          0         80   strstr.o
        44          0          0          0          0         80   uidiv.o
        98          0          0          0          0         92   uldiv.o
        48          0          0          0          0         68   cdrcmple.o
        56          0          0          0          0         88   d2f.o
       334          0          0          0          0        148   dadd.o
       222          0          0          0          0        100   ddiv.o
       186          0          0          0          0        176   depilogue.o
        48          0          0          0          0         68   dfixul.o
        26          0          0          0          0         76   dfltui.o
       228          0          0          0          0         96   dmul.o
        38          0          0          0          0         68   f2d.o
       110          0          0          0          0        168   fepilogue.o

    ----------------------------------------------------------------------
      4040        118          0          4          0       2356   Library Totals
         4          0          0          0          0          0   (incl. Padding)

    ----------------------------------------------------------------------

      Code (inc. data)   RO Data    RW Data    ZI Data      Debug   Library Name

      2740        118          0          4          0       1300   mc_w.l
      1296          0          0          0          0       1056   mf_w.l

    ----------------------------------------------------------------------
      4040        118          0          4          0       2356   Library Totals

    ----------------------------------------------------------------------

==============================================================================


      Code (inc. data)   RO Data    RW Data    ZI Data      Debug   

     22096        404       8604         44      20932     276592   Grand Totals
     22096        404       8604         44      20932     276592   ELF Image Totals
     22096        404       8604         44          0          0   ROM Totals

==============================================================================

    Total RO  Size (Code + RO Data)                30700 (  29.98kB)
    Total RW  Size (RW Data + ZI Data)             20976 (  20.48kB)
    Total ROM Size (Code + RO Data + RW Data)      30744 (  30.02kB)

==============================================================================

